    return f(ctx, *args, **kwargs)
           ^^^^^^^^^^^^^^^^^^^^^^^
  File "/Users/andywei/Desktop/openpaper/.venv/lib/python3.12/site-packages/celery/bin/worker.py", line 348, in worker
    worker = app.Worker(
             ^^^^^^^^^^^
  File "/Users/andywei/Desktop/openpaper/.venv/lib/python3.12/site-packages/celery/worker/worker.py", line 94, in __init__
    self.app.loader.init_worker()
  File "/Users/andywei/Desktop/openpaper/.venv/lib/python3.12/site-packages/celery/loaders/base.py", line 110, in init_worker
    self.import_default_modules()
  File "/Users/andywei/Desktop/openpaper/.venv/lib/python3.12/site-packages/celery/loaders/base.py", line 105, in import_default_modules
    return [self.import_task_module(m) for m in self.default_modules]
            ^^^^^^^^^^^^^^^^^^^^^^^^^^
  File "/Users/andywei/Desktop/openpaper/.venv/lib/python3.12/site-packages/celery/loaders/base.py", line 85, in import_task_module
    return self.import_from_cwd(module)
           ^^^^^^^^^^^^^^^^^^^^^^^^^^^^
  File "/Users/andywei/Desktop/openpaper/.venv/lib/python3.12/site-packages/celery/loaders/base.py", line 91, in import_from_cwd
    return import_from_cwd(
           ^^^^^^^^^^^^^^^^
  File "/Users/andywei/Desktop/openpaper/.venv/lib/python3.12/site-packages/celery/utils/imports.py", line 109, in import_from_cwd
    return imp(module, package=package)
           ^^^^^^^^^^^^^^^^^^^^^^^^^^^^
  File "/Users/andywei/Desktop/openpaper/.venv/lib/python3.12/site-packages/celery/loaders/base.py", line 88, in import_module
    return importlib.import_module(module, package=package)
           ^^^^^^^^^^^^^^^^^^^^^^^^^^^^^^^^^^^^^^^^^^^^^^^^
  File "/opt/anaconda3/lib/python3.12/importlib/__init__.py", line 90, in import_module
    return _bootstrap._gcd_import(name[level:], package, level)
           ^^^^^^^^^^^^^^^^^^^^^^^^^^^^^^^^^^^^^^^^^^^^^^^^^^^^
  File "<frozen importlib._bootstrap>", line 1387, in _gcd_import
  File "<frozen importlib._bootstrap>", line 1360, in _find_and_load
  File "<frozen importlib._bootstrap>", line 1331, in _find_and_load_unlocked
  File "<frozen importlib._bootstrap>", line 935, in _load_unlocked
  File "<frozen importlib._bootstrap_external>", line 995, in exec_module
  File "<frozen importlib._bootstrap>", line 488, in _call_with_frames_removed
  File "/Users/andywei/Desktop/openpaper/jobs/src/tasks.py", line 17, in <module>
    from src.parser import extract_text_and_images_combined, generate_pdf_preview, map_pages_to_text_offsets, extract_captions_for_images
  File "/Users/andywei/Desktop/openpaper/jobs/src/parser.py", line 19, in <module>
    from src.llm_client import get_llm_client
  File "/Users/andywei/Desktop/openpaper/jobs/src/llm_client.py", line 300
    tasks = [
IndentationError: unexpected indent
INFO:     127.0.0.1:57104 - "GET /task/fbb78cef-a6b0-4872-b582-a48b272926c0/status HTTP/1.1" 200 OK
INFO:     127.0.0.1:57120 - "GET /task/fbb78cef-a6b0-4872-b582-a48b272926c0/status HTTP/1.1" 200 OK
INFO:     127.0.0.1:57134 - "GET /task/fbb78cef-a6b0-4872-b582-a48b272926c0/status HTTP/1.1" 200 OK
INFO:     127.0.0.1:57150 - "GET /task/fbb78cef-a6b0-4872-b582-a48b272926c0/status HTTP/1.1" 200 OK
INFO:     127.0.0.1:57160 - "GET /task/fbb78cef-a6b0-4872-b582-a48b272926c0/status HTTP/1.1" 200 OK
INFO:     127.0.0.1:57170 - "GET /task/fbb78cef-a6b0-4872-b582-a48b272926c0/status HTTP/1.1" 200 OK
INFO:     127.0.0.1:57180 - "GET /task/fbb78cef-a6b0-4872-b582-a48b272926c0/status HTTP/1.1" 200 OK
INFO:     127.0.0.1:57192 - "GET /task/fbb78cef-a6b0-4872-b582-a48b272926c0/status HTTP/1.1" 200 OK
INFO:     127.0.0.1:57202 - "GET /task/fbb78cef-a6b0-4872-b582-a48b272926c0/status HTTP/1.1" 200 OK
INFO:     127.0.0.1:57212 - "GET /task/fbb78cef-a6b0-4872-b582-a48b272926c0/status HTTP/1.1" 200 OK
INFO:     127.0.0.1:57236 - "GET /task/fbb78cef-a6b0-4872-b582-a48b272926c0/status HTTP/1.1" 200 OK
INFO:     127.0.0.1:57246 - "GET /task/fbb78cef-a6b0-4872-b582-a48b272926c0/status HTTP/1.1" 200 OK
INFO:     127.0.0.1:57258 - "GET /task/fbb78cef-a6b0-4872-b582-a48b272926c0/status HTTP/1.1" 200 OK
INFO:     127.0.0.1:57268 - "GET /task/fbb78cef-a6b0-4872-b582-a48b272926c0/status HTTP/1.1" 200 OK
INFO:     127.0.0.1:57280 - "GET /task/fbb78cef-a6b0-4872-b582-a48b272926c0/status HTTP/1.1" 200 OK
INFO:     127.0.0.1:57290 - "GET /task/fbb78cef-a6b0-4872-b582-a48b272926c0/status HTTP/1.1" 200 OK
INFO:     127.0.0.1:57302 - "GET /task/fbb78cef-a6b0-4872-b582-a48b272926c0/status HTTP/1.1" 200 OK
INFO:     127.0.0.1:57324 - "GET /task/fbb78cef-a6b0-4872-b582-a48b272926c0/status HTTP/1.1" 200 OK
INFO:     127.0.0.1:57336 - "GET /task/fbb78cef-a6b0-4872-b582-a48b272926c0/status HTTP/1.1" 200 OK
INFO:     127.0.0.1:57346 - "GET /task/fbb78cef-a6b0-4872-b582-a48b272926c0/status HTTP/1.1" 200 OK
INFO:     127.0.0.1:57358 - "GET /task/fbb78cef-a6b0-4872-b582-a48b272926c0/status HTTP/1.1" 200 OK
INFO:     127.0.0.1:57368 - "GET /task/fbb78cef-a6b0-4872-b582-a48b272926c0/status HTTP/1.1" 200 OK
INFO:     127.0.0.1:57378 - "GET /task/fbb78cef-a6b0-4872-b582-a48b272926c0/status HTTP/1.1" 200 OK
INFO:     127.0.0.1:57388 - "GET /task/fbb78cef-a6b0-4872-b582-a48b272926c0/status HTTP/1.1" 200 OK
INFO:     127.0.0.1:57398 - "GET /task/fbb78cef-a6b0-4872-b582-a48b272926c0/status HTTP/1.1" 200 OK
INFO:     127.0.0.1:57408 - "GET /task/fbb78cef-a6b0-4872-b582-a48b272926c0/status HTTP/1.1" 200 OK
INFO:     127.0.0.1:57418 - "GET /task/fbb78cef-a6b0-4872-b582-a48b272926c0/status HTTP/1.1" 200 OK
INFO:     127.0.0.1:57428 - "GET /task/fbb78cef-a6b0-4872-b582-a48b272926c0/status HTTP/1.1" 200 OK
INFO:     127.0.0.1:57438 - "GET /task/fbb78cef-a6b0-4872-b582-a48b272926c0/status HTTP/1.1" 200 OK
INFO:     127.0.0.1:57448 - "GET /task/fbb78cef-a6b0-4872-b582-a48b272926c0/status HTTP/1.1" 200 OK
INFO:     127.0.0.1:57462 - "GET /task/fbb78cef-a6b0-4872-b582-a48b272926c0/status HTTP/1.1" 200 OK
INFO:     127.0.0.1:57486 - "GET /task/fbb78cef-a6b0-4872-b582-a48b272926c0/status HTTP/1.1" 200 OK
INFO:     127.0.0.1:57504 - "GET /task/fbb78cef-a6b0-4872-b582-a48b272926c0/status HTTP/1.1" 200 OK
INFO:     127.0.0.1:57522 - "GET /task/fbb78cef-a6b0-4872-b582-a48b272926c0/status HTTP/1.1" 200 OK
INFO:     127.0.0.1:57543 - "GET /task/fbb78cef-a6b0-4872-b582-a48b272926c0/status HTTP/1.1" 200 OK
INFO:     127.0.0.1:57559 - "GET /task/fbb78cef-a6b0-4872-b582-a48b272926c0/status HTTP/1.1" 200 OK
INFO:     127.0.0.1:57589 - "GET /task/fbb78cef-a6b0-4872-b582-a48b272926c0/status HTTP/1.1" 200 OK
INFO:     127.0.0.1:57609 - "GET /task/fbb78cef-a6b0-4872-b582-a48b272926c0/status HTTP/1.1" 200 OK
INFO:     127.0.0.1:57627 - "GET /task/fbb78cef-a6b0-4872-b582-a48b272926c0/status HTTP/1.1" 200 OK
INFO:     127.0.0.1:57640 - "GET /task/fbb78cef-a6b0-4872-b582-a48b272926c0/status HTTP/1.1" 200 OK
INFO:     127.0.0.1:57652 - "GET /task/fbb78cef-a6b0-4872-b582-a48b272926c0/status HTTP/1.1" 200 OK
INFO:     127.0.0.1:57671 - "GET /task/fbb78cef-a6b0-4872-b582-a48b272926c0/status HTTP/1.1" 200 OK
INFO:     127.0.0.1:57685 - "GET /task/fbb78cef-a6b0-4872-b582-a48b272926c0/status HTTP/1.1" 200 OK
INFO:     127.0.0.1:57699 - "GET /task/fbb78cef-a6b0-4872-b582-a48b272926c0/status HTTP/1.1" 200 OK
INFO:     127.0.0.1:57711 - "GET /task/fbb78cef-a6b0-4872-b582-a48b272926c0/status HTTP/1.1" 200 OK
INFO:     127.0.0.1:57729 - "GET /task/fbb78cef-a6b0-4872-b582-a48b272926c0/status HTTP/1.1" 200 OK
INFO:     127.0.0.1:57742 - "GET /task/fbb78cef-a6b0-4872-b582-a48b272926c0/status HTTP/1.1" 200 OK
INFO:     127.0.0.1:57755 - "GET /task/fbb78cef-a6b0-4872-b582-a48b272926c0/status HTTP/1.1" 200 OK
INFO:     127.0.0.1:57771 - "GET /task/fbb78cef-a6b0-4872-b582-a48b272926c0/status HTTP/1.1" 200 OK
INFO:     127.0.0.1:57783 - "GET /task/fbb78cef-a6b0-4872-b582-a48b272926c0/status HTTP/1.1" 200 OK
INFO:     127.0.0.1:57805 - "GET /task/fbb78cef-a6b0-4872-b582-a48b272926c0/status HTTP/1.1" 200 OK
INFO:     127.0.0.1:57825 - "GET /task/fbb78cef-a6b0-4872-b582-a48b272926c0/status HTTP/1.1" 200 OK
INFO:     127.0.0.1:57845 - "GET /task/fbb78cef-a6b0-4872-b582-a48b272926c0/status HTTP/1.1" 200 OK
Traceback (most recent call last):
  File "/Users/andywei/Desktop/openpaper/.venv/bin/celery", line 10, in <module>
    sys.exit(main())
             ^^^^^^
  File "/Users/andywei/Desktop/openpaper/.venv/lib/python3.12/site-packages/celery/__main__.py", line 15, in main
    sys.exit(_main())
             ^^^^^^^
  File "/Users/andywei/Desktop/openpaper/.venv/lib/python3.12/site-packages/celery/bin/celery.py", line 231, in main
    return celery(auto_envvar_prefix="CELERY")
           ^^^^^^^^^^^^^^^^^^^^^^^^^^^^^^^^^^^
  File "/Users/andywei/Desktop/openpaper/.venv/lib/python3.12/site-packages/click/core.py", line 1442, in __call__
    return self.main(*args, **kwargs)
           ^^^^^^^^^^^^^^^^^^^^^^^^^^
  File "/Users/andywei/Desktop/openpaper/.venv/lib/python3.12/site-packages/click/core.py", line 1363, in main
    rv = self.invoke(ctx)
         ^^^^^^^^^^^^^^^^
  File "/Users/andywei/Desktop/openpaper/.venv/lib/python3.12/site-packages/click/core.py", line 1830, in invoke
    return _process_result(sub_ctx.command.invoke(sub_ctx))
                           ^^^^^^^^^^^^^^^^^^^^^^^^^^^^^^^
  File "/Users/andywei/Desktop/openpaper/.venv/lib/python3.12/site-packages/click/core.py", line 1226, in invoke
    return ctx.invoke(self.callback, **ctx.params)
           ^^^^^^^^^^^^^^^^^^^^^^^^^^^^^^^^^^^^^^^
  File "/Users/andywei/Desktop/openpaper/.venv/lib/python3.12/site-packages/click/core.py", line 794, in invoke
    return callback(*args, **kwargs)
           ^^^^^^^^^^^^^^^^^^^^^^^^^
  File "/Users/andywei/Desktop/openpaper/.venv/lib/python3.12/site-packages/click/decorators.py", line 34, in new_func
    return f(get_current_context(), *args, **kwargs)
           ^^^^^^^^^^^^^^^^^^^^^^^^^^^^^^^^^^^^^^^^^
  File "/Users/andywei/Desktop/openpaper/.venv/lib/python3.12/site-packages/celery/bin/base.py", line 135, in caller
    return f(ctx, *args, **kwargs)
           ^^^^^^^^^^^^^^^^^^^^^^^
  File "/Users/andywei/Desktop/openpaper/.venv/lib/python3.12/site-packages/celery/bin/worker.py", line 348, in worker
    worker = app.Worker(
             ^^^^^^^^^^^
  File "/Users/andywei/Desktop/openpaper/.venv/lib/python3.12/site-packages/celery/worker/worker.py", line 94, in __init__
    self.app.loader.init_worker()
  File "/Users/andywei/Desktop/openpaper/.venv/lib/python3.12/site-packages/celery/loaders/base.py", line 110, in init_worker
    self.import_default_modules()
  File "/Users/andywei/Desktop/openpaper/.venv/lib/python3.12/site-packages/celery/loaders/base.py", line 105, in import_default_modules
    return [self.import_task_module(m) for m in self.default_modules]
            ^^^^^^^^^^^^^^^^^^^^^^^^^^
  File "/Users/andywei/Desktop/openpaper/.venv/lib/python3.12/site-packages/celery/loaders/base.py", line 85, in import_task_module
    return self.import_from_cwd(module)
           ^^^^^^^^^^^^^^^^^^^^^^^^^^^^
  File "/Users/andywei/Desktop/openpaper/.venv/lib/python3.12/site-packages/celery/loaders/base.py", line 91, in import_from_cwd
    return import_from_cwd(
           ^^^^^^^^^^^^^^^^
  File "/Users/andywei/Desktop/openpaper/.venv/lib/python3.12/site-packages/celery/utils/imports.py", line 109, in import_from_cwd
    return imp(module, package=package)
           ^^^^^^^^^^^^^^^^^^^^^^^^^^^^
  File "/Users/andywei/Desktop/openpaper/.venv/lib/python3.12/site-packages/celery/loaders/base.py", line 88, in import_module
    return importlib.import_module(module, package=package)
           ^^^^^^^^^^^^^^^^^^^^^^^^^^^^^^^^^^^^^^^^^^^^^^^^
  File "/opt/anaconda3/lib/python3.12/importlib/__init__.py", line 90, in import_module
    return _bootstrap._gcd_import(name[level:], package, level)
           ^^^^^^^^^^^^^^^^^^^^^^^^^^^^^^^^^^^^^^^^^^^^^^^^^^^^
  File "<frozen importlib._bootstrap>", line 1387, in _gcd_import
  File "<frozen importlib._bootstrap>", line 1360, in _find_and_load
  File "<frozen importlib._bootstrap>", line 1331, in _find_and_load_unlocked
  File "<frozen importlib._bootstrap>", line 935, in _load_unlocked
  File "<frozen importlib._bootstrap_external>", line 995, in exec_module
  File "<frozen importlib._bootstrap>", line 488, in _call_with_frames_removed
  File "/Users/andywei/Desktop/openpaper/jobs/src/tasks.py", line 17, in <module>
    from src.parser import extract_text_and_images_combined, generate_pdf_preview, map_pages_to_text_offsets, extract_captions_for_images
  File "/Users/andywei/Desktop/openpaper/jobs/src/parser.py", line 19, in <module>
    from src.llm_client import get_llm_client
  File "/Users/andywei/Desktop/openpaper/jobs/src/llm_client.py", line 300
    tasks = [
IndentationError: unexpected indent
INFO:     127.0.0.1:57868 - "GET /task/fbb78cef-a6b0-4872-b582-a48b272926c0/status HTTP/1.1" 200 OK
INFO:     127.0.0.1:57886 - "GET /task/fbb78cef-a6b0-4872-b582-a48b272926c0/status HTTP/1.1" 200 OK
INFO:     127.0.0.1:57910 - "GET /task/fbb78cef-a6b0-4872-b582-a48b272926c0/status HTTP/1.1" 200 OK
INFO:     127.0.0.1:57930 - "GET /task/fbb78cef-a6b0-4872-b582-a48b272926c0/status HTTP/1.1" 200 OK
INFO:     127.0.0.1:57946 - "GET /task/fbb78cef-a6b0-4872-b582-a48b272926c0/status HTTP/1.1" 200 OK
INFO:     127.0.0.1:57960 - "GET /task/fbb78cef-a6b0-4872-b582-a48b272926c0/status HTTP/1.1" 200 OK
INFO:     127.0.0.1:57983 - "GET /task/fbb78cef-a6b0-4872-b582-a48b272926c0/status HTTP/1.1" 200 OK
INFO:     127.0.0.1:57993 - "GET /task/fbb78cef-a6b0-4872-b582-a48b272926c0/status HTTP/1.1" 200 OK
INFO:     127.0.0.1:58017 - "GET /task/fbb78cef-a6b0-4872-b582-a48b272926c0/status HTTP/1.1" 200 OK
INFO:     127.0.0.1:58037 - "GET /task/fbb78cef-a6b0-4872-b582-a48b272926c0/status HTTP/1.1" 200 OK
INFO:     127.0.0.1:58051 - "GET /task/fbb78cef-a6b0-4872-b582-a48b272926c0/status HTTP/1.1" 200 OK
INFO:     127.0.0.1:58181 - "GET /task/c9caf466-0248-4ea9-9783-f7ff921aea03/status HTTP/1.1" 200 OK
INFO:     127.0.0.1:58193 - "GET /task/c9caf466-0248-4ea9-9783-f7ff921aea03/status HTTP/1.1" 200 OK
INFO:     127.0.0.1:58209 - "GET /task/c9caf466-0248-4ea9-9783-f7ff921aea03/status HTTP/1.1" 200 OK
INFO:     127.0.0.1:58221 - "GET /task/c9caf466-0248-4ea9-9783-f7ff921aea03/status HTTP/1.1" 200 OK
INFO:     127.0.0.1:58233 - "GET /task/c9caf466-0248-4ea9-9783-f7ff921aea03/status HTTP/1.1" 200 OK
INFO:     127.0.0.1:58243 - "GET /task/c9caf466-0248-4ea9-9783-f7ff921aea03/status HTTP/1.1" 200 OK
INFO:     127.0.0.1:58257 - "GET /task/c9caf466-0248-4ea9-9783-f7ff921aea03/status HTTP/1.1" 200 OK
INFO:     127.0.0.1:58269 - "GET /task/c9caf466-0248-4ea9-9783-f7ff921aea03/status HTTP/1.1" 200 OK
INFO:     127.0.0.1:58361 - "GET /task/c9caf466-0248-4ea9-9783-f7ff921aea03/status HTTP/1.1" 200 OK
INFO:     127.0.0.1:58381 - "GET /task/c9caf466-0248-4ea9-9783-f7ff921aea03/status HTTP/1.1" 200 OK
INFO:     127.0.0.1:58400 - "GET /task/c9caf466-0248-4ea9-9783-f7ff921aea03/status HTTP/1.1" 200 OK
INFO:     127.0.0.1:58421 - "GET /task/c9caf466-0248-4ea9-9783-f7ff921aea03/status HTTP/1.1" 200 OK
INFO:     127.0.0.1:58437 - "GET /task/c9caf466-0248-4ea9-9783-f7ff921aea03/status HTTP/1.1" 200 OK
INFO:     127.0.0.1:58455 - "GET /task/c9caf466-0248-4ea9-9783-f7ff921aea03/status HTTP/1.1" 200 OK
INFO:     127.0.0.1:58473 - "GET /task/c9caf466-0248-4ea9-9783-f7ff921aea03/status HTTP/1.1" 200 OK
INFO:     127.0.0.1:58491 - "GET /task/c9caf466-0248-4ea9-9783-f7ff921aea03/status HTTP/1.1" 200 OK
INFO:     127.0.0.1:58507 - "GET /task/c9caf466-0248-4ea9-9783-f7ff921aea03/status HTTP/1.1" 200 OK
INFO:     127.0.0.1:58519 - "GET /task/c9caf466-0248-4ea9-9783-f7ff921aea03/status HTTP/1.1" 200 OK
INFO:     127.0.0.1:58533 - "GET /task/c9caf466-0248-4ea9-9783-f7ff921aea03/status HTTP/1.1" 200 OK
INFO:     127.0.0.1:58560 - "GET /task/c9caf466-0248-4ea9-9783-f7ff921aea03/status HTTP/1.1" 200 OK
INFO:     127.0.0.1:58576 - "GET /task/c9caf466-0248-4ea9-9783-f7ff921aea03/status HTTP/1.1" 200 OK
INFO:     127.0.0.1:58593 - "GET /task/c9caf466-0248-4ea9-9783-f7ff921aea03/status HTTP/1.1" 200 OK
INFO:     127.0.0.1:58607 - "GET /task/c9caf466-0248-4ea9-9783-f7ff921aea03/status HTTP/1.1" 200 OK
INFO:     127.0.0.1:58624 - "GET /task/c9caf466-0248-4ea9-9783-f7ff921aea03/status HTTP/1.1" 200 OK
INFO:     127.0.0.1:58641 - "GET /task/c9caf466-0248-4ea9-9783-f7ff921aea03/status HTTP/1.1" 200 OK
INFO:     127.0.0.1:58655 - "GET /task/c9caf466-0248-4ea9-9783-f7ff921aea03/status HTTP/1.1" 200 OK
INFO:     127.0.0.1:58676 - "GET /task/c9caf466-0248-4ea9-9783-f7ff921aea03/status HTTP/1.1" 200 OK
INFO:     127.0.0.1:58692 - "GET /task/c9caf466-0248-4ea9-9783-f7ff921aea03/status HTTP/1.1" 200 OK
INFO:     127.0.0.1:58712 - "GET /task/c9caf466-0248-4ea9-9783-f7ff921aea03/status HTTP/1.1" 200 OK
INFO:     127.0.0.1:58732 - "GET /task/c9caf466-0248-4ea9-9783-f7ff921aea03/status HTTP/1.1" 200 OK
INFO:     127.0.0.1:58746 - "GET /task/c9caf466-0248-4ea9-9783-f7ff921aea03/status HTTP/1.1" 200 OK
INFO:     127.0.0.1:58762 - "GET /task/c9caf466-0248-4ea9-9783-f7ff921aea03/status HTTP/1.1" 200 OK
INFO:     127.0.0.1:58778 - "GET /task/c9caf466-0248-4ea9-9783-f7ff921aea03/status HTTP/1.1" 200 OK
INFO:     127.0.0.1:58796 - "GET /task/c9caf466-0248-4ea9-9783-f7ff921aea03/status HTTP/1.1" 200 OK
INFO:     127.0.0.1:58832 - "GET /task/c9caf466-0248-4ea9-9783-f7ff921aea03/status HTTP/1.1" 200 OK
INFO:     127.0.0.1:58846 - "GET /task/c9caf466-0248-4ea9-9783-f7ff921aea03/status HTTP/1.1" 200 OK
INFO:     127.0.0.1:58867 - "GET /task/c9caf466-0248-4ea9-9783-f7ff921aea03/status HTTP/1.1" 200 OK
INFO:     127.0.0.1:58881 - "GET /task/c9caf466-0248-4ea9-9783-f7ff921aea03/status HTTP/1.1" 200 OK
INFO:     127.0.0.1:58900 - "GET /task/c9caf466-0248-4ea9-9783-f7ff921aea03/status HTTP/1.1" 200 OK
INFO:     127.0.0.1:58927 - "GET /task/c9caf466-0248-4ea9-9783-f7ff921aea03/status HTTP/1.1" 200 OK
INFO:     127.0.0.1:58951 - "GET /task/c9caf466-0248-4ea9-9783-f7ff921aea03/status HTTP/1.1" 200 OK
INFO:     127.0.0.1:58971 - "GET /task/c9caf466-0248-4ea9-9783-f7ff921aea03/status HTTP/1.1" 200 OK
INFO:     127.0.0.1:58985 - "GET /task/c9caf466-0248-4ea9-9783-f7ff921aea03/status HTTP/1.1" 200 OK
INFO:     127.0.0.1:59003 - "GET /task/c9caf466-0248-4ea9-9783-f7ff921aea03/status HTTP/1.1" 200 OK
INFO:     127.0.0.1:59019 - "GET /task/c9caf466-0248-4ea9-9783-f7ff921aea03/status HTTP/1.1" 200 OK
INFO:     127.0.0.1:59033 - "GET /task/c9caf466-0248-4ea9-9783-f7ff921aea03/status HTTP/1.1" 200 OK
INFO:     127.0.0.1:59053 - "GET /task/c9caf466-0248-4ea9-9783-f7ff921aea03/status HTTP/1.1" 200 OK
INFO:     127.0.0.1:59069 - "GET /task/c9caf466-0248-4ea9-9783-f7ff921aea03/status HTTP/1.1" 200 OK
INFO:     127.0.0.1:59089 - "GET /task/c9caf466-0248-4ea9-9783-f7ff921aea03/status HTTP/1.1" 200 OK
INFO:     127.0.0.1:59113 - "GET /task/c9caf466-0248-4ea9-9783-f7ff921aea03/status HTTP/1.1" 200 OK
INFO:     127.0.0.1:59127 - "GET /task/c9caf466-0248-4ea9-9783-f7ff921aea03/status HTTP/1.1" 200 OK
INFO:     127.0.0.1:59146 - "GET /task/c9caf466-0248-4ea9-9783-f7ff921aea03/status HTTP/1.1" 200 OK
 
 -------------- celery@MacBook-Pro.local v5.5.3 (immunity)
--- ***** ----- 
-- ******* ---- macOS-14.1-arm64-arm-64bit 2025-07-26 15:28:33
- *** --- * --- 
- ** ---------- [config]
- ** ---------- .> app:         openpaper_tasks:0x1036b2cf0
- ** ---------- .> transport:   redis://localhost:6379/0
- ** ---------- .> results:     redis://localhost:6379/0
- *** --- * --- .> concurrency: 11 (prefork)
-- ******* ---- .> task events: ON
--- ***** ----- 
 -------------- [queues]
                .> celery           exchange=celery(direct) key=celery
                

[tasks]
  . health_check
  . upload_and_process_file

[2025-07-26 15:28:34,664: INFO/MainProcess] Connected to redis://localhost:6379/0
[2025-07-26 15:28:34,668: INFO/MainProcess] mingle: searching for neighbors
INFO:     127.0.0.1:59166 - "GET /task/c9caf466-0248-4ea9-9783-f7ff921aea03/status HTTP/1.1" 200 OK
[2025-07-26 15:28:35,675: INFO/MainProcess] mingle: all alone
[2025-07-26 15:28:35,691: INFO/MainProcess] celery@MacBook-Pro.local ready.
[2025-07-26 15:28:35,699: INFO/MainProcess] Task upload_and_process_file[d4176c55-5205-45d8-92ac-c7593ca61967] received
[2025-07-26 15:28:35,702: INFO/ForkPoolWorker-8] Starting PDF processing for task d4176c55-5205-45d8-92ac-c7593ca61967
[2025-07-26 15:28:35,703: INFO/MainProcess] Task upload_and_process_file[2cd05ffb-8a67-4543-96a8-b7fb94df6872] received
[2025-07-26 15:28:35,703: INFO/ForkPoolWorker-8] Updating task d4176c55-5205-45d8-92ac-c7593ca61967 status: Processing PDF file
[2025-07-26 15:28:35,705: ERROR/MainProcess] Received unregistered task of type 'process_pdf_file'.
The message has been ignored and discarded.

Did you remember to import the module containing this task?
Or maybe you're using relative imports?

Please see
https://docs.celeryq.dev/en/latest/internals/protocol.html
for more information.

The full contents of the message body was:
b'[[], {"file_path": "pdf/dc774a83-a15e-40d3-8c2c-23280b924ba9.pdf", "webhook_url": "http://localhost:8000/api/webhooks/paper-processing/dc774a83-a15e-40d3-8c2c-23280b924ba9", "job_id": "dc774a83-a15e-40d3-8c2c-23280b924ba9"}, {"callbacks": null, "errbacks": null, "chain": null, "chord": null}]' (293b)

The full contents of the message headers:
{'lang': 'py', 'task': 'process_pdf_file', 'id': '6e475533-4acf-407e-93ae-60b82f1ec15e', 'shadow': None, 'eta': None, 'expires': None, 'group': None, 'group_index': None, 'retries': 0, 'timelimit': [None, None], 'root_id': '6e475533-4acf-407e-93ae-60b82f1ec15e', 'parent_id': None, 'argsrepr': '()', 'kwargsrepr': "{'file_path': 'pdf/dc774a83-a15e-40d3-8c2c-23280b924ba9.pdf', 'webhook_url': 'http://localhost:8000/api/webhooks/paper-processing/dc774a83-a15e-40d3-8c2c-23280b924ba9', 'job_id': 'dc774a83-a15e-40d3-8c2c-23280b924ba9'}", 'origin': 'gen21892@MacBook-Pro.local', 'ignore_result': False, 'replaced_task_nesting': 0, 'stamped_headers': None, 'stamps': {}}

The delivery info for this task is:
{'exchange': '', 'routing_key': 'celery'}
Traceback (most recent call last):
  File "/Users/andywei/Desktop/openpaper/.venv/lib/python3.12/site-packages/celery/worker/consumer/consumer.py", line 662, in on_task_received
    strategy = strategies[type_]
               ~~~~~~~~~~^^^^^^^
KeyError: 'process_pdf_file'
[2025-07-26 15:28:35,709: INFO/ForkPoolWorker-8] Starting PDF processing for job d4176c55-5205-45d8-92ac-c7593ca61967
[2025-07-26 15:28:35,710: INFO/ForkPoolWorker-8] Starting: Extracting text, images, and page offsets from PDF...
[2025-07-26 15:28:35,711: ERROR/MainProcess] Received unregistered task of type 'process_pdf_file'.
The message has been ignored and discarded.

Did you remember to import the module containing this task?
Or maybe you're using relative imports?

Please see
https://docs.celeryq.dev/en/latest/internals/protocol.html
for more information.

The full contents of the message body was:
b'[[], {"file_path": "pdf/ea5f90f4-307d-42d8-a340-603caf62854a.pdf", "webhook_url": "http://localhost:8000/api/webhooks/paper-processing/ea5f90f4-307d-42d8-a340-603caf62854a", "job_id": "ea5f90f4-307d-42d8-a340-603caf62854a"}, {"callbacks": null, "errbacks": null, "chain": null, "chord": null}]' (293b)

The full contents of the message headers:
{'lang': 'py', 'task': 'process_pdf_file', 'id': '51da8cb0-64e6-4171-91e1-681ff4f285a1', 'shadow': None, 'eta': None, 'expires': None, 'group': None, 'group_index': None, 'retries': 0, 'timelimit': [None, None], 'root_id': '51da8cb0-64e6-4171-91e1-681ff4f285a1', 'parent_id': None, 'argsrepr': '()', 'kwargsrepr': "{'file_path': 'pdf/ea5f90f4-307d-42d8-a340-603caf62854a.pdf', 'webhook_url': 'http://localhost:8000/api/webhooks/paper-processing/ea5f90f4-307d-42d8-a340-603caf62854a', 'job_id': 'ea5f90f4-307d-42d8-a340-603caf62854a'}", 'origin': 'gen22979@MacBook-Pro.local', 'ignore_result': False, 'replaced_task_nesting': 0, 'stamped_headers': None, 'stamps': {}}

The delivery info for this task is:
{'exchange': '', 'routing_key': 'celery'}
Traceback (most recent call last):
  File "/Users/andywei/Desktop/openpaper/.venv/lib/python3.12/site-packages/celery/worker/consumer/consumer.py", line 662, in on_task_received
    strategy = strategies[type_]
               ~~~~~~~~~~^^^^^^^
KeyError: 'process_pdf_file'
[2025-07-26 15:28:35,711: INFO/ForkPoolWorker-1] Starting PDF processing for task 2cd05ffb-8a67-4543-96a8-b7fb94df6872
[2025-07-26 15:28:35,711: INFO/ForkPoolWorker-1] Updating task 2cd05ffb-8a67-4543-96a8-b7fb94df6872 status: Processing PDF file
[2025-07-26 15:28:35,714: INFO/MainProcess] Task upload_and_process_file[641f5312-199d-4538-bf7c-f324c40a704e] received
[2025-07-26 15:28:35,716: INFO/MainProcess] Task upload_and_process_file[315eca7c-887f-43f7-9354-ce257308058c] received
[2025-07-26 15:28:35,716: INFO/ForkPoolWorker-9] Starting PDF processing for task 641f5312-199d-4538-bf7c-f324c40a704e
[2025-07-26 15:28:35,716: INFO/ForkPoolWorker-9] Updating task 641f5312-199d-4538-bf7c-f324c40a704e status: Processing PDF file
[2025-07-26 15:28:35,717: INFO/ForkPoolWorker-1] Starting PDF processing for job 2cd05ffb-8a67-4543-96a8-b7fb94df6872
[2025-07-26 15:28:35,717: INFO/ForkPoolWorker-1] Starting: Extracting text, images, and page offsets from PDF...
[2025-07-26 15:28:35,718: INFO/MainProcess] Task upload_and_process_file[0c75a3f9-ced9-4208-ae5c-2e8c01d33726] received
[2025-07-26 15:28:35,719: INFO/ForkPoolWorker-2] Starting PDF processing for task 315eca7c-887f-43f7-9354-ce257308058c
[2025-07-26 15:28:35,720: INFO/ForkPoolWorker-2] Updating task 315eca7c-887f-43f7-9354-ce257308058c status: Processing PDF file
[2025-07-26 15:28:35,720: INFO/MainProcess] Task upload_and_process_file[0f9f7f74-5fbe-4014-b8fe-5dca8c8118d5] received
[2025-07-26 15:28:35,720: INFO/ForkPoolWorker-9] Starting PDF processing for job 641f5312-199d-4538-bf7c-f324c40a704e
[2025-07-26 15:28:35,721: INFO/MainProcess] Task upload_and_process_file[fbb78cef-a6b0-4872-b582-a48b272926c0] received
[2025-07-26 15:28:35,721: INFO/ForkPoolWorker-9] Starting: Extracting text, images, and page offsets from PDF...
[2025-07-26 15:28:35,721: INFO/ForkPoolWorker-10] Starting PDF processing for task 0c75a3f9-ced9-4208-ae5c-2e8c01d33726
[2025-07-26 15:28:35,722: INFO/ForkPoolWorker-10] Updating task 0c75a3f9-ced9-4208-ae5c-2e8c01d33726 status: Processing PDF file
[2025-07-26 15:28:35,722: INFO/ForkPoolWorker-3] Starting PDF processing for task 0f9f7f74-5fbe-4014-b8fe-5dca8c8118d5
[2025-07-26 15:28:35,722: INFO/ForkPoolWorker-3] Updating task 0f9f7f74-5fbe-4014-b8fe-5dca8c8118d5 status: Processing PDF file
[2025-07-26 15:28:35,723: INFO/ForkPoolWorker-11] Starting PDF processing for task fbb78cef-a6b0-4872-b582-a48b272926c0
[2025-07-26 15:28:35,723: INFO/ForkPoolWorker-11] Updating task fbb78cef-a6b0-4872-b582-a48b272926c0 status: Processing PDF file
[2025-07-26 15:28:35,723: INFO/MainProcess] Task upload_and_process_file[c9caf466-0248-4ea9-9783-f7ff921aea03] received
[2025-07-26 15:28:35,724: INFO/ForkPoolWorker-2] Starting PDF processing for job 315eca7c-887f-43f7-9354-ce257308058c
[2025-07-26 15:28:35,725: INFO/ForkPoolWorker-2] Starting: Extracting text, images, and page offsets from PDF...
[2025-07-26 15:28:35,726: INFO/ForkPoolWorker-4] Starting PDF processing for task c9caf466-0248-4ea9-9783-f7ff921aea03
[2025-07-26 15:28:35,726: INFO/ForkPoolWorker-4] Updating task c9caf466-0248-4ea9-9783-f7ff921aea03 status: Processing PDF file
[2025-07-26 15:28:35,726: INFO/ForkPoolWorker-10] Starting PDF processing for job 0c75a3f9-ced9-4208-ae5c-2e8c01d33726
[2025-07-26 15:28:35,727: INFO/ForkPoolWorker-3] Starting PDF processing for job 0f9f7f74-5fbe-4014-b8fe-5dca8c8118d5
[2025-07-26 15:28:35,727: INFO/ForkPoolWorker-11] Starting PDF processing for job fbb78cef-a6b0-4872-b582-a48b272926c0
[2025-07-26 15:28:35,727: INFO/ForkPoolWorker-10] Starting: Extracting text, images, and page offsets from PDF...
[2025-07-26 15:28:35,727: INFO/ForkPoolWorker-3] Starting: Extracting text, images, and page offsets from PDF...
[2025-07-26 15:28:35,728: INFO/ForkPoolWorker-11] Starting: Extracting text, images, and page offsets from PDF...
[2025-07-26 15:28:35,742: INFO/ForkPoolWorker-4] Starting PDF processing for job c9caf466-0248-4ea9-9783-f7ff921aea03
[2025-07-26 15:28:35,744: INFO/ForkPoolWorker-4] Starting: Extracting text, images, and page offsets from PDF...
[2025-07-26 15:28:35,810: INFO/ForkPoolWorker-9] Extracted 0 images and text from PDF /var/folders/tq/lr8x96l51pbgh0_f7m_8rm400000gn/T/tmpx_8ure6z.pdf
[2025-07-26 15:28:35,810: INFO/ForkPoolWorker-9] Updating task 641f5312-199d-4538-bf7c-f324c40a704e status: Processed bits and bytes
[2025-07-26 15:28:35,811: INFO/ForkPoolWorker-9] Extracted 1505 characters of text from PDF
[2025-07-26 15:28:35,812: INFO/ForkPoolWorker-8] Extracted 0 images and text from PDF /var/folders/tq/lr8x96l51pbgh0_f7m_8rm400000gn/T/tmpf5uu5ca0.pdf
[2025-07-26 15:28:35,812: INFO/ForkPoolWorker-8] Updating task d4176c55-5205-45d8-92ac-c7593ca61967 status: Processed bits and bytes
[2025-07-26 15:28:35,813: INFO/ForkPoolWorker-8] Extracted 1505 characters of text from PDF
[2025-07-26 15:28:35,818: INFO/ForkPoolWorker-1] Extracted 0 images and text from PDF /var/folders/tq/lr8x96l51pbgh0_f7m_8rm400000gn/T/tmpkqy1wr2v.pdf
[2025-07-26 15:28:35,818: INFO/ForkPoolWorker-1] Updating task 2cd05ffb-8a67-4543-96a8-b7fb94df6872 status: Processed bits and bytes
[2025-07-26 15:28:35,819: INFO/ForkPoolWorker-1] Extracted 1505 characters of text from PDF
[2025-07-26 15:28:35,820: INFO/ForkPoolWorker-9] Finished: Extracting text, images, and page offsets from PDF. Duration: 0.10 seconds
[2025-07-26 15:28:35,820: INFO/ForkPoolWorker-8] Finished: Extracting text, images, and page offsets from PDF. Duration: 0.11 seconds
[2025-07-26 15:28:35,820: INFO/ForkPoolWorker-9] PostHog tracking disabled. Event: timer:extracting_text,_images,_and_page_offsets_from_pdf, Properties: {'duration': 0.09884874999988824}
[2025-07-26 15:28:35,820: INFO/ForkPoolWorker-8] PostHog tracking disabled. Event: timer:extracting_text,_images,_and_page_offsets_from_pdf, Properties: {'duration': 0.11015795799903572}
[2025-07-26 15:28:35,820: INFO/ForkPoolWorker-9] About to define async functions for job 641f5312-199d-4538-bf7c-f324c40a704e
[2025-07-26 15:28:35,820: INFO/ForkPoolWorker-8] About to define async functions for job d4176c55-5205-45d8-92ac-c7593ca61967
[2025-07-26 15:28:35,821: INFO/ForkPoolWorker-9] Starting: Running I/O-bound tasks and LLM extraction concurrently...
[2025-07-26 15:28:35,821: INFO/ForkPoolWorker-8] Starting: Running I/O-bound tasks and LLM extraction concurrently...
[2025-07-26 15:28:35,821: INFO/ForkPoolWorker-9] Updating task 641f5312-199d-4538-bf7c-f324c40a704e status: PDF ascending to the cloud
[2025-07-26 15:28:35,821: INFO/ForkPoolWorker-8] Updating task d4176c55-5205-45d8-92ac-c7593ca61967 status: PDF ascending to the cloud
[2025-07-26 15:28:35,822: INFO/ForkPoolWorker-9] Uploading file pdf-641f5312-199d-4538-bf7c-f324c40a704e.pdf to local storage
[2025-07-26 15:28:35,822: INFO/ForkPoolWorker-8] Uploading file pdf-d4176c55-5205-45d8-92ac-c7593ca61967.pdf to local storage
[2025-07-26 15:28:35,822: INFO/ForkPoolWorker-9] Saved file locally: /Users/andywei/Desktop/openpaper/jobs/uploads/d14adceb-8203-409f-8622-187983023f7a-pdf-641f5312-199d-4538-bf7c-f324c40a704e.pdf
[2025-07-26 15:28:35,823: INFO/ForkPoolWorker-9] Updating task 641f5312-199d-4538-bf7c-f324c40a704e status: Taking a snapshot
[2025-07-26 15:28:35,823: INFO/ForkPoolWorker-8] Saved file locally: /Users/andywei/Desktop/openpaper/jobs/uploads/00137bbd-ab2b-4208-92d6-bc58f90e456e-pdf-d4176c55-5205-45d8-92ac-c7593ca61967.pdf
[2025-07-26 15:28:35,823: INFO/ForkPoolWorker-8] Updating task d4176c55-5205-45d8-92ac-c7593ca61967 status: Taking a snapshot
[2025-07-26 15:28:35,824: INFO/ForkPoolWorker-10] Extracted 0 images and text from PDF /var/folders/tq/lr8x96l51pbgh0_f7m_8rm400000gn/T/tmpu7vppbjw.pdf
[2025-07-26 15:28:35,824: INFO/ForkPoolWorker-10] Updating task 0c75a3f9-ced9-4208-ae5c-2e8c01d33726 status: Processed bits and bytes
[2025-07-26 15:28:35,824: INFO/ForkPoolWorker-1] Finished: Extracting text, images, and page offsets from PDF. Duration: 0.11 seconds
[2025-07-26 15:28:35,824: INFO/ForkPoolWorker-1] PostHog tracking disabled. Event: timer:extracting_text,_images,_and_page_offsets_from_pdf, Properties: {'duration': 0.10649508298956789}
[2025-07-26 15:28:35,824: INFO/ForkPoolWorker-1] About to define async functions for job 2cd05ffb-8a67-4543-96a8-b7fb94df6872
[2025-07-26 15:28:35,824: INFO/ForkPoolWorker-10] Extracted 1505 characters of text from PDF
[2025-07-26 15:28:35,825: INFO/ForkPoolWorker-1] Starting: Running I/O-bound tasks and LLM extraction concurrently...
[2025-07-26 15:28:35,825: INFO/ForkPoolWorker-1] Updating task 2cd05ffb-8a67-4543-96a8-b7fb94df6872 status: PDF ascending to the cloud
[2025-07-26 15:28:35,825: INFO/ForkPoolWorker-2] Extracted 0 images and text from PDF /var/folders/tq/lr8x96l51pbgh0_f7m_8rm400000gn/T/tmpf0hfnkmo.pdf
[2025-07-26 15:28:35,825: INFO/ForkPoolWorker-2] Updating task 315eca7c-887f-43f7-9354-ce257308058c status: Processed bits and bytes
[2025-07-26 15:28:35,826: INFO/ForkPoolWorker-1] Uploading file pdf-2cd05ffb-8a67-4543-96a8-b7fb94df6872.pdf to local storage
[2025-07-26 15:28:35,826: INFO/ForkPoolWorker-2] Extracted 1505 characters of text from PDF
[2025-07-26 15:28:35,826: INFO/ForkPoolWorker-1] Saved file locally: /Users/andywei/Desktop/openpaper/jobs/uploads/61faa469-bfd2-4589-85d8-6ad3cd131352-pdf-2cd05ffb-8a67-4543-96a8-b7fb94df6872.pdf
[2025-07-26 15:28:35,827: INFO/ForkPoolWorker-1] Updating task 2cd05ffb-8a67-4543-96a8-b7fb94df6872 status: Taking a snapshot
[2025-07-26 15:28:35,828: INFO/ForkPoolWorker-10] Finished: Extracting text, images, and page offsets from PDF. Duration: 0.10 seconds
[2025-07-26 15:28:35,828: INFO/ForkPoolWorker-10] PostHog tracking disabled. Event: timer:extracting_text,_images,_and_page_offsets_from_pdf, Properties: {'duration': 0.10093870799755678}
[2025-07-26 15:28:35,828: INFO/ForkPoolWorker-10] About to define async functions for job 0c75a3f9-ced9-4208-ae5c-2e8c01d33726
[2025-07-26 15:28:35,829: INFO/ForkPoolWorker-10] Starting: Running I/O-bound tasks and LLM extraction concurrently...
[2025-07-26 15:28:35,828: INFO/ForkPoolWorker-3] Extracted 0 images and text from PDF /var/folders/tq/lr8x96l51pbgh0_f7m_8rm400000gn/T/tmp6rkihype.pdf
[2025-07-26 15:28:35,829: INFO/ForkPoolWorker-3] Updating task 0f9f7f74-5fbe-4014-b8fe-5dca8c8118d5 status: Processed bits and bytes
[2025-07-26 15:28:35,829: INFO/ForkPoolWorker-10] Updating task 0c75a3f9-ced9-4208-ae5c-2e8c01d33726 status: PDF ascending to the cloud
[2025-07-26 15:28:35,829: INFO/ForkPoolWorker-4] Extracted 0 images and text from PDF /var/folders/tq/lr8x96l51pbgh0_f7m_8rm400000gn/T/tmpmxn7q95d.pdf
[2025-07-26 15:28:35,829: INFO/ForkPoolWorker-4] Updating task c9caf466-0248-4ea9-9783-f7ff921aea03 status: Processed bits and bytes
[2025-07-26 15:28:35,830: INFO/ForkPoolWorker-10] Uploading file pdf-0c75a3f9-ced9-4208-ae5c-2e8c01d33726.pdf to local storage
[2025-07-26 15:28:35,830: INFO/ForkPoolWorker-3] Extracted 1985 characters of text from PDF
[2025-07-26 15:28:35,830: INFO/ForkPoolWorker-10] Saved file locally: /Users/andywei/Desktop/openpaper/jobs/uploads/3cc13cf8-bbe4-4845-a7bc-8b4a51a7d5c6-pdf-0c75a3f9-ced9-4208-ae5c-2e8c01d33726.pdf
[2025-07-26 15:28:35,830: INFO/ForkPoolWorker-4] Extracted 1505 characters of text from PDF
[2025-07-26 15:28:35,830: INFO/ForkPoolWorker-2] Finished: Extracting text, images, and page offsets from PDF. Duration: 0.11 seconds
[2025-07-26 15:28:35,830: INFO/ForkPoolWorker-10] Updating task 0c75a3f9-ced9-4208-ae5c-2e8c01d33726 status: Taking a snapshot
[2025-07-26 15:28:35,831: INFO/ForkPoolWorker-2] PostHog tracking disabled. Event: timer:extracting_text,_images,_and_page_offsets_from_pdf, Properties: {'duration': 0.10543004098872188}
[2025-07-26 15:28:35,831: INFO/ForkPoolWorker-2] About to define async functions for job 315eca7c-887f-43f7-9354-ce257308058c
[2025-07-26 15:28:35,831: INFO/ForkPoolWorker-2] Starting: Running I/O-bound tasks and LLM extraction concurrently...
[2025-07-26 15:28:35,831: INFO/ForkPoolWorker-2] Updating task 315eca7c-887f-43f7-9354-ce257308058c status: PDF ascending to the cloud
[2025-07-26 15:28:35,832: INFO/ForkPoolWorker-2] Uploading file pdf-315eca7c-887f-43f7-9354-ce257308058c.pdf to local storage
[2025-07-26 15:28:35,833: INFO/ForkPoolWorker-2] Saved file locally: /Users/andywei/Desktop/openpaper/jobs/uploads/861b1056-f514-4253-ae8a-256bb764e5a7-pdf-315eca7c-887f-43f7-9354-ce257308058c.pdf
[2025-07-26 15:28:35,833: INFO/ForkPoolWorker-2] Updating task 315eca7c-887f-43f7-9354-ce257308058c status: Taking a snapshot
[2025-07-26 15:28:35,834: INFO/ForkPoolWorker-11] Extracted 0 images and text from PDF /var/folders/tq/lr8x96l51pbgh0_f7m_8rm400000gn/T/tmpxegu70bz.pdf
[2025-07-26 15:28:35,835: INFO/ForkPoolWorker-11] Updating task fbb78cef-a6b0-4872-b582-a48b272926c0 status: Processed bits and bytes
[2025-07-26 15:28:35,834: INFO/ForkPoolWorker-3] Finished: Extracting text, images, and page offsets from PDF. Duration: 0.11 seconds
[2025-07-26 15:28:35,835: INFO/ForkPoolWorker-3] PostHog tracking disabled. Event: timer:extracting_text,_images,_and_page_offsets_from_pdf, Properties: {'duration': 0.10652641599881463}
[2025-07-26 15:28:35,835: INFO/ForkPoolWorker-3] About to define async functions for job 0f9f7f74-5fbe-4014-b8fe-5dca8c8118d5
[2025-07-26 15:28:35,836: INFO/ForkPoolWorker-3] Starting: Running I/O-bound tasks and LLM extraction concurrently...
[2025-07-26 15:28:35,836: INFO/ForkPoolWorker-11] Extracted 1985 characters of text from PDF
[2025-07-26 15:28:35,836: INFO/ForkPoolWorker-3] Updating task 0f9f7f74-5fbe-4014-b8fe-5dca8c8118d5 status: PDF ascending to the cloud
[2025-07-26 15:28:35,836: INFO/ForkPoolWorker-4] Finished: Extracting text, images, and page offsets from PDF. Duration: 0.09 seconds
[2025-07-26 15:28:35,837: INFO/ForkPoolWorker-4] PostHog tracking disabled. Event: timer:extracting_text,_images,_and_page_offsets_from_pdf, Properties: {'duration': 0.09219083400967065}
[2025-07-26 15:28:35,837: INFO/ForkPoolWorker-4] About to define async functions for job c9caf466-0248-4ea9-9783-f7ff921aea03
[2025-07-26 15:28:35,837: INFO/ForkPoolWorker-4] Starting: Running I/O-bound tasks and LLM extraction concurrently...
[2025-07-26 15:28:35,837: INFO/ForkPoolWorker-3] Uploading file pdf-0f9f7f74-5fbe-4014-b8fe-5dca8c8118d5.pdf to local storage
[2025-07-26 15:28:35,837: INFO/ForkPoolWorker-4] Updating task c9caf466-0248-4ea9-9783-f7ff921aea03 status: PDF ascending to the cloud
[2025-07-26 15:28:35,838: INFO/ForkPoolWorker-3] Saved file locally: /Users/andywei/Desktop/openpaper/jobs/uploads/aed41707-5465-495e-97e9-e9cd8bf7c006-pdf-0f9f7f74-5fbe-4014-b8fe-5dca8c8118d5.pdf
[2025-07-26 15:28:35,839: INFO/ForkPoolWorker-4] Uploading file pdf-c9caf466-0248-4ea9-9783-f7ff921aea03.pdf to local storage
[2025-07-26 15:28:35,841: INFO/ForkPoolWorker-3] Updating task 0f9f7f74-5fbe-4014-b8fe-5dca8c8118d5 status: Taking a snapshot
[2025-07-26 15:28:35,841: INFO/ForkPoolWorker-11] Finished: Extracting text, images, and page offsets from PDF. Duration: 0.11 seconds
[2025-07-26 15:28:35,841: INFO/ForkPoolWorker-4] Saved file locally: /Users/andywei/Desktop/openpaper/jobs/uploads/65d533c2-af7e-43b7-9afe-349fc9d9100b-pdf-c9caf466-0248-4ea9-9783-f7ff921aea03.pdf
[2025-07-26 15:28:35,842: INFO/ForkPoolWorker-11] PostHog tracking disabled. Event: timer:extracting_text,_images,_and_page_offsets_from_pdf, Properties: {'duration': 0.11354433400265407}
[2025-07-26 15:28:35,842: INFO/ForkPoolWorker-4] Updating task c9caf466-0248-4ea9-9783-f7ff921aea03 status: Taking a snapshot
[2025-07-26 15:28:35,842: INFO/ForkPoolWorker-11] About to define async functions for job fbb78cef-a6b0-4872-b582-a48b272926c0
[2025-07-26 15:28:35,842: INFO/ForkPoolWorker-11] Starting: Running I/O-bound tasks and LLM extraction concurrently...
[2025-07-26 15:28:35,844: INFO/ForkPoolWorker-11] Updating task fbb78cef-a6b0-4872-b582-a48b272926c0 status: PDF ascending to the cloud
[2025-07-26 15:28:35,845: INFO/ForkPoolWorker-11] Uploading file pdf-fbb78cef-a6b0-4872-b582-a48b272926c0.pdf to local storage
[2025-07-26 15:28:35,846: INFO/ForkPoolWorker-11] Saved file locally: /Users/andywei/Desktop/openpaper/jobs/uploads/bb79da78-cf97-4c0f-b612-76e5a3429e6e-pdf-fbb78cef-a6b0-4872-b582-a48b272926c0.pdf
[2025-07-26 15:28:35,847: INFO/ForkPoolWorker-11] Updating task fbb78cef-a6b0-4872-b582-a48b272926c0 status: Taking a snapshot
[2025-07-26 15:28:36,002: INFO/ForkPoolWorker-8] Saved file locally: /Users/andywei/Desktop/openpaper/jobs/uploads/c4e8f696-4ae5-4671-9cb5-ea2d1c893ed1-preview-4a0b85f1-211d-4ad0-8db7-8cb90f04e955.png
[2025-07-26 15:28:36,002: INFO/ForkPoolWorker-8] Updating task d4176c55-5205-45d8-92ac-c7593ca61967 status: Extracting images from PDF
[2025-07-26 15:28:36,002: INFO/ForkPoolWorker-1] Saved file locally: /Users/andywei/Desktop/openpaper/jobs/uploads/300e8fbb-7a38-465b-9d2e-e42f9b4fe073-preview-216f45b5-602b-4de1-9526-70668ae8d16c.png
[2025-07-26 15:28:36,002: INFO/ForkPoolWorker-1] Updating task 2cd05ffb-8a67-4543-96a8-b7fb94df6872 status: Extracting images from PDF
[2025-07-26 15:28:36,003: INFO/ForkPoolWorker-8] About to call extract_images_from_pdf for job d4176c55-5205-45d8-92ac-c7593ca61967
[2025-07-26 15:28:36,003: INFO/ForkPoolWorker-1] About to call extract_images_from_pdf for job 2cd05ffb-8a67-4543-96a8-b7fb94df6872
[2025-07-26 15:28:36,003: INFO/ForkPoolWorker-8] extract_images_from_pdf returned 0 images
[2025-07-26 15:28:36,003: INFO/ForkPoolWorker-1] extract_images_from_pdf returned 0 images
[2025-07-26 15:28:36,006: INFO/ForkPoolWorker-2] Saved file locally: /Users/andywei/Desktop/openpaper/jobs/uploads/896bd2f6-0a3f-47c1-ad39-af27f0342682-preview-93ceae0c-8b6a-44ba-a7df-d390c7aa3f06.png
[2025-07-26 15:28:36,006: INFO/ForkPoolWorker-2] Updating task 315eca7c-887f-43f7-9354-ce257308058c status: Extracting images from PDF
[2025-07-26 15:28:36,007: INFO/ForkPoolWorker-10] Saved file locally: /Users/andywei/Desktop/openpaper/jobs/uploads/b1c6e24a-0d64-4920-820d-c946ff7cfe25-preview-85fd6fc8-4d2f-4de0-a82b-13c21769f87a.png
[2025-07-26 15:28:36,007: INFO/ForkPoolWorker-2] About to call extract_images_from_pdf for job 315eca7c-887f-43f7-9354-ce257308058c
[2025-07-26 15:28:36,007: INFO/ForkPoolWorker-10] Updating task 0c75a3f9-ced9-4208-ae5c-2e8c01d33726 status: Extracting images from PDF
[2025-07-26 15:28:36,007: INFO/ForkPoolWorker-2] extract_images_from_pdf returned 0 images
[2025-07-26 15:28:36,008: INFO/ForkPoolWorker-10] About to call extract_images_from_pdf for job 0c75a3f9-ced9-4208-ae5c-2e8c01d33726
[2025-07-26 15:28:36,008: INFO/ForkPoolWorker-10] extract_images_from_pdf returned 0 images
[2025-07-26 15:28:36,010: INFO/ForkPoolWorker-9] Saved file locally: /Users/andywei/Desktop/openpaper/jobs/uploads/1220acef-109c-4dd8-8359-0c0bd4d58dc8-preview-134bbe80-7576-4af9-aad2-bc2f4430f66f.png
[2025-07-26 15:28:36,011: INFO/ForkPoolWorker-9] Updating task 641f5312-199d-4538-bf7c-f324c40a704e status: Extracting images from PDF
[2025-07-26 15:28:36,011: INFO/ForkPoolWorker-9] About to call extract_images_from_pdf for job 641f5312-199d-4538-bf7c-f324c40a704e
[2025-07-26 15:28:36,011: INFO/ForkPoolWorker-9] extract_images_from_pdf returned 0 images
[2025-07-26 15:28:36,014: INFO/ForkPoolWorker-4] Saved file locally: /Users/andywei/Desktop/openpaper/jobs/uploads/b424ba0d-d7a6-4198-ae44-774cd9d0b65a-preview-45928a1f-6247-4c2d-99d9-a9296a49e5e8.png
[2025-07-26 15:28:36,014: INFO/ForkPoolWorker-4] Updating task c9caf466-0248-4ea9-9783-f7ff921aea03 status: Extracting images from PDF
[2025-07-26 15:28:36,015: INFO/ForkPoolWorker-4] About to call extract_images_from_pdf for job c9caf466-0248-4ea9-9783-f7ff921aea03
[2025-07-26 15:28:36,015: INFO/ForkPoolWorker-4] extract_images_from_pdf returned 0 images
[2025-07-26 15:28:36,032: INFO/ForkPoolWorker-3] Saved file locally: /Users/andywei/Desktop/openpaper/jobs/uploads/6c5bea6b-e0bb-4d21-b37b-4a9eb70e8557-preview-f121dd4d-6626-4195-a716-b45405be2675.png
[2025-07-26 15:28:36,032: INFO/ForkPoolWorker-3] Updating task 0f9f7f74-5fbe-4014-b8fe-5dca8c8118d5 status: Extracting images from PDF
[2025-07-26 15:28:36,033: INFO/ForkPoolWorker-3] About to call extract_images_from_pdf for job 0f9f7f74-5fbe-4014-b8fe-5dca8c8118d5
[2025-07-26 15:28:36,033: INFO/ForkPoolWorker-3] extract_images_from_pdf returned 0 images
[2025-07-26 15:28:36,034: INFO/ForkPoolWorker-11] Saved file locally: /Users/andywei/Desktop/openpaper/jobs/uploads/111ead54-b50b-4303-b7b4-4e5f2fe1f330-preview-20cc8dde-d355-4686-a965-642cf2f968d1.png
[2025-07-26 15:28:36,035: INFO/ForkPoolWorker-11] Updating task fbb78cef-a6b0-4872-b582-a48b272926c0 status: Extracting images from PDF
[2025-07-26 15:28:36,036: INFO/ForkPoolWorker-11] About to call extract_images_from_pdf for job fbb78cef-a6b0-4872-b582-a48b272926c0
[2025-07-26 15:28:36,036: INFO/ForkPoolWorker-11] extract_images_from_pdf returned 0 images
[2025-07-26 15:28:36,044: INFO/ForkPoolWorker-2] Updating task 315eca7c-887f-43f7-9354-ce257308058c status: Starting: Extracting paper metadata from LLM...
[2025-07-26 15:28:36,045: INFO/ForkPoolWorker-2] Updating task 315eca7c-887f-43f7-9354-ce257308058c status: Starting: Running all metadata extraction tasks concurrently...
[2025-07-26 15:28:36,046: INFO/ForkPoolWorker-2] Updating task 315eca7c-887f-43f7-9354-ce257308058c status: Extracting title, authors, and abstract...
[2025-07-26 15:28:36,047: INFO/ForkPoolWorker-8] Updating task d4176c55-5205-45d8-92ac-c7593ca61967 status: Starting: Extracting paper metadata from LLM...
[2025-07-26 15:28:36,047: INFO/ForkPoolWorker-1] Updating task 2cd05ffb-8a67-4543-96a8-b7fb94df6872 status: Starting: Extracting paper metadata from LLM...
[2025-07-26 15:28:36,047: INFO/ForkPoolWorker-8] Updating task d4176c55-5205-45d8-92ac-c7593ca61967 status: Starting: Running all metadata extraction tasks concurrently...
[2025-07-26 15:28:36,048: INFO/ForkPoolWorker-1] Updating task 2cd05ffb-8a67-4543-96a8-b7fb94df6872 status: Starting: Running all metadata extraction tasks concurrently...
[2025-07-26 15:28:36,048: INFO/ForkPoolWorker-8] Updating task d4176c55-5205-45d8-92ac-c7593ca61967 status: Extracting title, authors, and abstract...
[2025-07-26 15:28:36,048: INFO/ForkPoolWorker-10] Updating task 0c75a3f9-ced9-4208-ae5c-2e8c01d33726 status: Starting: Extracting paper metadata from LLM...
[2025-07-26 15:28:36,049: INFO/ForkPoolWorker-1] Updating task 2cd05ffb-8a67-4543-96a8-b7fb94df6872 status: Extracting title, authors, and abstract...
[2025-07-26 15:28:36,049: INFO/ForkPoolWorker-9] Updating task 641f5312-199d-4538-bf7c-f324c40a704e status: Starting: Extracting paper metadata from LLM...
[2025-07-26 15:28:36,049: INFO/ForkPoolWorker-10] Updating task 0c75a3f9-ced9-4208-ae5c-2e8c01d33726 status: Starting: Running all metadata extraction tasks concurrently...
[2025-07-26 15:28:36,050: INFO/ForkPoolWorker-9] Updating task 641f5312-199d-4538-bf7c-f324c40a704e status: Starting: Running all metadata extraction tasks concurrently...
[2025-07-26 15:28:36,050: INFO/ForkPoolWorker-10] Updating task 0c75a3f9-ced9-4208-ae5c-2e8c01d33726 status: Extracting title, authors, and abstract...
[2025-07-26 15:28:36,050: INFO/ForkPoolWorker-9] Updating task 641f5312-199d-4538-bf7c-f324c40a704e status: Extracting title, authors, and abstract...
[2025-07-26 15:28:36,061: INFO/ForkPoolWorker-4] Updating task c9caf466-0248-4ea9-9783-f7ff921aea03 status: Starting: Extracting paper metadata from LLM...
[2025-07-26 15:28:36,076: INFO/ForkPoolWorker-3] Updating task 0f9f7f74-5fbe-4014-b8fe-5dca8c8118d5 status: Starting: Extracting paper metadata from LLM...
[2025-07-26 15:28:36,079: INFO/ForkPoolWorker-11] Updating task fbb78cef-a6b0-4872-b582-a48b272926c0 status: Starting: Extracting paper metadata from LLM...
[2025-07-26 15:28:36,082: INFO/ForkPoolWorker-4] Updating task c9caf466-0248-4ea9-9783-f7ff921aea03 status: Starting: Running all metadata extraction tasks concurrently...
[2025-07-26 15:28:36,082: INFO/ForkPoolWorker-3] Updating task 0f9f7f74-5fbe-4014-b8fe-5dca8c8118d5 status: Starting: Running all metadata extraction tasks concurrently...
[2025-07-26 15:28:36,082: INFO/ForkPoolWorker-11] Updating task fbb78cef-a6b0-4872-b582-a48b272926c0 status: Starting: Running all metadata extraction tasks concurrently...
[2025-07-26 15:28:36,083: INFO/ForkPoolWorker-4] Updating task c9caf466-0248-4ea9-9783-f7ff921aea03 status: Extracting title, authors, and abstract...
[2025-07-26 15:28:36,083: INFO/ForkPoolWorker-11] Updating task fbb78cef-a6b0-4872-b582-a48b272926c0 status: Extracting title, authors, and abstract...
[2025-07-26 15:28:36,083: INFO/ForkPoolWorker-3] Updating task 0f9f7f74-5fbe-4014-b8fe-5dca8c8118d5 status: Extracting title, authors, and abstract...
[2025-07-26 15:28:36,211: INFO/ForkPoolWorker-10] Updating task 0c75a3f9-ced9-4208-ae5c-2e8c01d33726 status: Extracting institutions and keywords...
[2025-07-26 15:28:36,211: INFO/ForkPoolWorker-1] Updating task 2cd05ffb-8a67-4543-96a8-b7fb94df6872 status: Extracting institutions and keywords...
[2025-07-26 15:28:36,211: INFO/ForkPoolWorker-3] Updating task 0f9f7f74-5fbe-4014-b8fe-5dca8c8118d5 status: Extracting institutions and keywords...
[2025-07-26 15:28:36,211: INFO/ForkPoolWorker-9] Updating task 641f5312-199d-4538-bf7c-f324c40a704e status: Extracting institutions and keywords...
[2025-07-26 15:28:36,211: INFO/ForkPoolWorker-8] Updating task d4176c55-5205-45d8-92ac-c7593ca61967 status: Extracting institutions and keywords...
[2025-07-26 15:28:36,212: INFO/ForkPoolWorker-4] Updating task c9caf466-0248-4ea9-9783-f7ff921aea03 status: Extracting institutions and keywords...
[2025-07-26 15:28:36,212: INFO/ForkPoolWorker-2] Updating task 315eca7c-887f-43f7-9354-ce257308058c status: Extracting institutions and keywords...
