[2025-07-26 15:28:36,213: INFO/ForkPoolWorker-1] Updating task 2cd05ffb-8a67-4543-96a8-b7fb94df6872 status: Extracting summary and citations...
[2025-07-26 15:28:36,213: INFO/ForkPoolWorker-9] Updating task 641f5312-199d-4538-bf7c-f324c40a704e status: Extracting summary and citations...
[2025-07-26 15:28:36,213: INFO/ForkPoolWorker-3] Updating task 0f9f7f74-5fbe-4014-b8fe-5dca8c8118d5 status: Extracting summary and citations...
[2025-07-26 15:28:36,213: INFO/ForkPoolWorker-8] Updating task d4176c55-5205-45d8-92ac-c7593ca61967 status: Extracting summary and citations...
[2025-07-26 15:28:36,213: INFO/ForkPoolWorker-10] Updating task 0c75a3f9-ced9-4208-ae5c-2e8c01d33726 status: Extracting summary and citations...
[2025-07-26 15:28:36,213: INFO/ForkPoolWorker-4] Updating task c9caf466-0248-4ea9-9783-f7ff921aea03 status: Extracting summary and citations...
[2025-07-26 15:28:36,213: INFO/ForkPoolWorker-2] Updating task 315eca7c-887f-43f7-9354-ce257308058c status: Extracting summary and citations...
[2025-07-26 15:28:36,214: INFO/ForkPoolWorker-11] Updating task fbb78cef-a6b0-4872-b582-a48b272926c0 status: Extracting institutions and keywords...
[2025-07-26 15:28:36,214: INFO/ForkPoolWorker-8] Updating task d4176c55-5205-45d8-92ac-c7593ca61967 status: Extracting starter questions...
[2025-07-26 15:28:36,214: INFO/ForkPoolWorker-1] Updating task 2cd05ffb-8a67-4543-96a8-b7fb94df6872 status: Extracting starter questions...
[2025-07-26 15:28:36,214: INFO/ForkPoolWorker-9] Updating task 641f5312-199d-4538-bf7c-f324c40a704e status: Extracting starter questions...
[2025-07-26 15:28:36,215: INFO/ForkPoolWorker-3] Updating task 0f9f7f74-5fbe-4014-b8fe-5dca8c8118d5 status: Extracting starter questions...
[2025-07-26 15:28:36,215: INFO/ForkPoolWorker-10] Updating task 0c75a3f9-ced9-4208-ae5c-2e8c01d33726 status: Extracting starter questions...
[2025-07-26 15:28:36,215: INFO/ForkPoolWorker-2] Updating task 315eca7c-887f-43f7-9354-ce257308058c status: Extracting starter questions...
[2025-07-26 15:28:36,215: INFO/ForkPoolWorker-4] Updating task c9caf466-0248-4ea9-9783-f7ff921aea03 status: Extracting starter questions...
[2025-07-26 15:28:36,215: INFO/ForkPoolWorker-1] Updating task 2cd05ffb-8a67-4543-96a8-b7fb94df6872 status: Extracting highlights...
[2025-07-26 15:28:36,216: INFO/ForkPoolWorker-11] Updating task fbb78cef-a6b0-4872-b582-a48b272926c0 status: Extracting summary and citations...
[2025-07-26 15:28:36,216: INFO/ForkPoolWorker-8] Updating task d4176c55-5205-45d8-92ac-c7593ca61967 status: Extracting highlights...
[2025-07-26 15:28:36,216: INFO/ForkPoolWorker-3] Updating task 0f9f7f74-5fbe-4014-b8fe-5dca8c8118d5 status: Extracting highlights...
[2025-07-26 15:28:36,216: INFO/ForkPoolWorker-9] Updating task 641f5312-199d-4538-bf7c-f324c40a704e status: Extracting highlights...
[2025-07-26 15:28:36,216: INFO/ForkPoolWorker-10] Updating task 0c75a3f9-ced9-4208-ae5c-2e8c01d33726 status: Extracting highlights...
[2025-07-26 15:28:36,216: INFO/ForkPoolWorker-2] Updating task 315eca7c-887f-43f7-9354-ce257308058c status: Extracting highlights...
[2025-07-26 15:28:36,216: INFO/ForkPoolWorker-4] Updating task c9caf466-0248-4ea9-9783-f7ff921aea03 status: Extracting highlights...
[2025-07-26 15:28:36,217: INFO/ForkPoolWorker-11] Updating task fbb78cef-a6b0-4872-b582-a48b272926c0 status: Extracting starter questions...
[2025-07-26 15:28:36,219: INFO/ForkPoolWorker-11] Updating task fbb78cef-a6b0-4872-b582-a48b272926c0 status: Extracting highlights...
INFO:     127.0.0.1:59283 - "GET /task/c9caf466-0248-4ea9-9783-f7ff921aea03/status HTTP/1.1" 200 OK
[2025-07-26 15:28:38,798: INFO/ForkPoolWorker-9] HTTP Request: POST https://api.ai.it.cornell.edu/v1/chat/completions "HTTP/1.1 200 OK"
[2025-07-26 15:28:39,236: INFO/ForkPoolWorker-2] HTTP Request: POST https://api.ai.it.cornell.edu/v1/chat/completions "HTTP/1.1 200 OK"
[2025-07-26 15:28:39,549: INFO/ForkPoolWorker-10] HTTP Request: POST https://api.ai.it.cornell.edu/v1/chat/completions "HTTP/1.1 200 OK"
[2025-07-26 15:28:39,551: INFO/ForkPoolWorker-8] HTTP Request: POST https://api.ai.it.cornell.edu/v1/chat/completions "HTTP/1.1 200 OK"
[2025-07-26 15:28:39,689: INFO/ForkPoolWorker-3] HTTP Request: POST https://api.ai.it.cornell.edu/v1/chat/completions "HTTP/1.1 200 OK"
[2025-07-26 15:28:39,690: INFO/ForkPoolWorker-2] HTTP Request: POST https://api.ai.it.cornell.edu/v1/chat/completions "HTTP/1.1 200 OK"
[2025-07-26 15:28:39,750: INFO/ForkPoolWorker-4] HTTP Request: POST https://api.ai.it.cornell.edu/v1/chat/completions "HTTP/1.1 200 OK"
[2025-07-26 15:28:39,775: INFO/ForkPoolWorker-11] HTTP Request: POST https://api.ai.it.cornell.edu/v1/chat/completions "HTTP/1.1 200 OK"
[2025-07-26 15:28:39,780: INFO/ForkPoolWorker-1] HTTP Request: POST https://api.ai.it.cornell.edu/v1/chat/completions "HTTP/1.1 200 OK"
[2025-07-26 15:28:40,098: INFO/ForkPoolWorker-1] HTTP Request: POST https://api.ai.it.cornell.edu/v1/chat/completions "HTTP/1.1 200 OK"
[2025-07-26 15:28:40,142: INFO/ForkPoolWorker-8] HTTP Request: POST https://api.ai.it.cornell.edu/v1/chat/completions "HTTP/1.1 200 OK"
[2025-07-26 15:28:40,304: INFO/ForkPoolWorker-10] HTTP Request: POST https://api.ai.it.cornell.edu/v1/chat/completions "HTTP/1.1 200 OK"
[2025-07-26 15:28:40,383: INFO/ForkPoolWorker-1] HTTP Request: POST https://api.ai.it.cornell.edu/v1/chat/completions "HTTP/1.1 200 OK"
[2025-07-26 15:28:40,648: INFO/ForkPoolWorker-8] HTTP Request: POST https://api.ai.it.cornell.edu/v1/chat/completions "HTTP/1.1 200 OK"
[2025-07-26 15:28:40,648: INFO/ForkPoolWorker-4] HTTP Request: POST https://api.ai.it.cornell.edu/v1/chat/completions "HTTP/1.1 200 OK"
[2025-07-26 15:28:40,649: INFO/ForkPoolWorker-4] HTTP Request: POST https://api.ai.it.cornell.edu/v1/chat/completions "HTTP/1.1 200 OK"
[2025-07-26 15:28:40,685: INFO/ForkPoolWorker-2] HTTP Request: POST https://api.ai.it.cornell.edu/v1/chat/completions "HTTP/1.1 200 OK"
[2025-07-26 15:28:40,785: INFO/ForkPoolWorker-11] HTTP Request: POST https://api.ai.it.cornell.edu/v1/chat/completions "HTTP/1.1 200 OK"
[2025-07-26 15:28:40,799: INFO/ForkPoolWorker-3] HTTP Request: POST https://api.ai.it.cornell.edu/v1/chat/completions "HTTP/1.1 200 OK"
[2025-07-26 15:28:40,929: INFO/ForkPoolWorker-3] HTTP Request: POST https://api.ai.it.cornell.edu/v1/chat/completions "HTTP/1.1 200 OK"
[2025-07-26 15:28:40,995: INFO/ForkPoolWorker-9] HTTP Request: POST https://api.ai.it.cornell.edu/v1/chat/completions "HTTP/1.1 200 OK"
[2025-07-26 15:28:41,012: INFO/ForkPoolWorker-11] HTTP Request: POST https://api.ai.it.cornell.edu/v1/chat/completions "HTTP/1.1 200 OK"
INFO:     127.0.0.1:59299 - "GET /task/c9caf466-0248-4ea9-9783-f7ff921aea03/status HTTP/1.1" 200 OK
[2025-07-26 15:28:41,147: INFO/ForkPoolWorker-10] HTTP Request: POST https://api.ai.it.cornell.edu/v1/chat/completions "HTTP/1.1 200 OK"
[2025-07-26 15:28:41,226: INFO/ForkPoolWorker-2] HTTP Request: POST https://api.ai.it.cornell.edu/v1/chat/completions "HTTP/1.1 200 OK"
[2025-07-26 15:28:41,319: INFO/ForkPoolWorker-9] HTTP Request: POST https://api.ai.it.cornell.edu/v1/chat/completions "HTTP/1.1 200 OK"
[2025-07-26 15:28:41,435: INFO/ForkPoolWorker-3] HTTP Request: POST https://api.ai.it.cornell.edu/v1/chat/completions "HTTP/1.1 200 OK"
[2025-07-26 15:28:41,668: INFO/ForkPoolWorker-8] HTTP Request: POST https://api.ai.it.cornell.edu/v1/chat/completions "HTTP/1.1 200 OK"
[2025-07-26 15:28:41,828: INFO/ForkPoolWorker-1] HTTP Request: POST https://api.ai.it.cornell.edu/v1/chat/completions "HTTP/1.1 200 OK"
[2025-07-26 15:28:41,864: INFO/ForkPoolWorker-9] HTTP Request: POST https://api.ai.it.cornell.edu/v1/chat/completions "HTTP/1.1 200 OK"
[2025-07-26 15:28:42,131: INFO/ForkPoolWorker-4] HTTP Request: POST https://api.ai.it.cornell.edu/v1/chat/completions "HTTP/1.1 200 OK"
[2025-07-26 15:28:42,174: INFO/ForkPoolWorker-2] HTTP Request: POST https://api.ai.it.cornell.edu/v1/chat/completions "HTTP/1.1 200 OK"
[2025-07-26 15:28:42,180: INFO/ForkPoolWorker-2] Updating task 315eca7c-887f-43f7-9354-ce257308058c status: Finished: Extracting paper metadata from LLM.
[2025-07-26 15:28:42,181: INFO/ForkPoolWorker-2] Finished: Running I/O-bound tasks and LLM extraction concurrently. Duration: 6.35 seconds
[2025-07-26 15:28:42,182: INFO/ForkPoolWorker-2] PostHog tracking disabled. Event: timer:running_i/o-bound_tasks_and_llm_extraction_concurrently, Properties: {'duration': 6.350738416003878}
[2025-07-26 15:28:42,182: INFO/ForkPoolWorker-2] Uploaded PDF to S3: /static/pdf/861b1056-f514-4253-ae8a-256bb764e5a7-pdf-315eca7c-887f-43f7-9354-ce257308058c.pdf
[2025-07-26 15:28:42,182: INFO/ForkPoolWorker-2] Generated preview for pdf-315eca7c-887f-43f7-9354-ce257308058c.pdf: /static/pdf/896bd2f6-0a3f-47c1-ad39-af27f0342682-preview-93ceae0c-8b6a-44ba-a7df-d390c7aa3f06.png
[2025-07-26 15:28:42,182: INFO/ForkPoolWorker-2] No images found in pdf-315eca7c-887f-43f7-9354-ce257308058c.pdf
[2025-07-26 15:28:42,182: INFO/ForkPoolWorker-2] Successfully extracted metadata for pdf-315eca7c-887f-43f7-9354-ce257308058c.pdf
[2025-07-26 15:28:42,183: INFO/ForkPoolWorker-2] PDF processing completed successfully for pdf-315eca7c-887f-43f7-9354-ce257308058c.pdf in 6.46 seconds
[2025-07-26 15:28:42,184: INFO/ForkPoolWorker-2] Updating task 315eca7c-887f-43f7-9354-ce257308058c status: PDF processing complete!
[2025-07-26 15:28:42,228: INFO/ForkPoolWorker-3] HTTP Request: POST https://api.ai.it.cornell.edu/v1/chat/completions "HTTP/1.1 200 OK"
[2025-07-26 15:28:42,229: INFO/ForkPoolWorker-3] Updating task 0f9f7f74-5fbe-4014-b8fe-5dca8c8118d5 status: Finished: Extracting paper metadata from LLM.
[2025-07-26 15:28:42,229: INFO/ForkPoolWorker-3] Finished: Running I/O-bound tasks and LLM extraction concurrently. Duration: 6.39 seconds
[2025-07-26 15:28:42,230: INFO/ForkPoolWorker-3] PostHog tracking disabled. Event: timer:running_i/o-bound_tasks_and_llm_extraction_concurrently, Properties: {'duration': 6.394054958000197}
[2025-07-26 15:28:42,230: INFO/ForkPoolWorker-3] Uploaded PDF to S3: /static/pdf/aed41707-5465-495e-97e9-e9cd8bf7c006-pdf-0f9f7f74-5fbe-4014-b8fe-5dca8c8118d5.pdf
[2025-07-26 15:28:42,230: INFO/ForkPoolWorker-3] Generated preview for pdf-0f9f7f74-5fbe-4014-b8fe-5dca8c8118d5.pdf: /static/pdf/6c5bea6b-e0bb-4d21-b37b-4a9eb70e8557-preview-f121dd4d-6626-4195-a716-b45405be2675.png
[2025-07-26 15:28:42,230: INFO/ForkPoolWorker-3] No images found in pdf-0f9f7f74-5fbe-4014-b8fe-5dca8c8118d5.pdf
[2025-07-26 15:28:42,230: INFO/ForkPoolWorker-3] Successfully extracted metadata for pdf-0f9f7f74-5fbe-4014-b8fe-5dca8c8118d5.pdf
[2025-07-26 15:28:42,230: INFO/ForkPoolWorker-3] PDF processing completed successfully for pdf-0f9f7f74-5fbe-4014-b8fe-5dca8c8118d5.pdf in 6.50 seconds
[2025-07-26 15:28:42,231: INFO/ForkPoolWorker-3] Updating task 0f9f7f74-5fbe-4014-b8fe-5dca8c8118d5 status: PDF processing complete!
[2025-07-26 15:28:42,286: INFO/ForkPoolWorker-10] HTTP Request: POST https://api.ai.it.cornell.edu/v1/chat/completions "HTTP/1.1 200 OK"
[2025-07-26 15:28:42,338: INFO/ForkPoolWorker-11] HTTP Request: POST https://api.ai.it.cornell.edu/v1/chat/completions "HTTP/1.1 200 OK"
[2025-07-26 15:28:42,787: INFO/ForkPoolWorker-8] HTTP Request: POST https://api.ai.it.cornell.edu/v1/chat/completions "HTTP/1.1 200 OK"
[2025-07-26 15:28:42,788: INFO/ForkPoolWorker-8] Updating task d4176c55-5205-45d8-92ac-c7593ca61967 status: Finished: Extracting paper metadata from LLM.
[2025-07-26 15:28:42,789: INFO/ForkPoolWorker-8] Finished: Running I/O-bound tasks and LLM extraction concurrently. Duration: 6.97 seconds
[2025-07-26 15:28:42,789: INFO/ForkPoolWorker-8] PostHog tracking disabled. Event: timer:running_i/o-bound_tasks_and_llm_extraction_concurrently, Properties: {'duration': 6.968955792006454}
[2025-07-26 15:28:42,790: INFO/ForkPoolWorker-8] Uploaded PDF to S3: /static/pdf/00137bbd-ab2b-4208-92d6-bc58f90e456e-pdf-d4176c55-5205-45d8-92ac-c7593ca61967.pdf
[2025-07-26 15:28:42,790: INFO/ForkPoolWorker-8] Generated preview for pdf-d4176c55-5205-45d8-92ac-c7593ca61967.pdf: /static/pdf/c4e8f696-4ae5-4671-9cb5-ea2d1c893ed1-preview-4a0b85f1-211d-4ad0-8db7-8cb90f04e955.png
[2025-07-26 15:28:42,790: INFO/ForkPoolWorker-8] No images found in pdf-d4176c55-5205-45d8-92ac-c7593ca61967.pdf
[2025-07-26 15:28:42,790: INFO/ForkPoolWorker-8] Successfully extracted metadata for pdf-d4176c55-5205-45d8-92ac-c7593ca61967.pdf
[2025-07-26 15:28:42,790: INFO/ForkPoolWorker-8] PDF processing completed successfully for pdf-d4176c55-5205-45d8-92ac-c7593ca61967.pdf in 7.08 seconds
[2025-07-26 15:28:42,792: INFO/ForkPoolWorker-8] Updating task d4176c55-5205-45d8-92ac-c7593ca61967 status: PDF processing complete!
[2025-07-26 15:28:42,855: INFO/ForkPoolWorker-10] HTTP Request: POST https://api.ai.it.cornell.edu/v1/chat/completions "HTTP/1.1 200 OK"
[2025-07-26 15:28:42,865: INFO/ForkPoolWorker-10] Updating task 0c75a3f9-ced9-4208-ae5c-2e8c01d33726 status: Finished: Extracting paper metadata from LLM.
[2025-07-26 15:28:42,866: INFO/ForkPoolWorker-10] Finished: Running I/O-bound tasks and LLM extraction concurrently. Duration: 7.04 seconds
[2025-07-26 15:28:42,866: INFO/ForkPoolWorker-10] PostHog tracking disabled. Event: timer:running_i/o-bound_tasks_and_llm_extraction_concurrently, Properties: {'duration': 7.037897125002928}
[2025-07-26 15:28:42,866: INFO/ForkPoolWorker-10] Uploaded PDF to S3: /static/pdf/3cc13cf8-bbe4-4845-a7bc-8b4a51a7d5c6-pdf-0c75a3f9-ced9-4208-ae5c-2e8c01d33726.pdf
[2025-07-26 15:28:42,867: INFO/ForkPoolWorker-10] Generated preview for pdf-0c75a3f9-ced9-4208-ae5c-2e8c01d33726.pdf: /static/pdf/b1c6e24a-0d64-4920-820d-c946ff7cfe25-preview-85fd6fc8-4d2f-4de0-a82b-13c21769f87a.png
[2025-07-26 15:28:42,867: INFO/ForkPoolWorker-10] No images found in pdf-0c75a3f9-ced9-4208-ae5c-2e8c01d33726.pdf
[2025-07-26 15:28:42,867: INFO/ForkPoolWorker-10] Successfully extracted metadata for pdf-0c75a3f9-ced9-4208-ae5c-2e8c01d33726.pdf
[2025-07-26 15:28:42,867: INFO/ForkPoolWorker-10] PDF processing completed successfully for pdf-0c75a3f9-ced9-4208-ae5c-2e8c01d33726.pdf in 7.14 seconds
[2025-07-26 15:28:42,867: INFO/ForkPoolWorker-10] Updating task 0c75a3f9-ced9-4208-ae5c-2e8c01d33726 status: PDF processing complete!
[2025-07-26 15:28:43,187: INFO/ForkPoolWorker-1] HTTP Request: POST https://api.ai.it.cornell.edu/v1/chat/completions "HTTP/1.1 200 OK"
[2025-07-26 15:28:43,188: INFO/ForkPoolWorker-1] Updating task 2cd05ffb-8a67-4543-96a8-b7fb94df6872 status: Finished: Extracting paper metadata from LLM.
[2025-07-26 15:28:43,189: INFO/ForkPoolWorker-1] Finished: Running I/O-bound tasks and LLM extraction concurrently. Duration: 7.36 seconds
[2025-07-26 15:28:43,189: INFO/ForkPoolWorker-1] PostHog tracking disabled. Event: timer:running_i/o-bound_tasks_and_llm_extraction_concurrently, Properties: {'duration': 7.364912541001104}
[2025-07-26 15:28:43,189: INFO/ForkPoolWorker-1] Uploaded PDF to S3: /static/pdf/61faa469-bfd2-4589-85d8-6ad3cd131352-pdf-2cd05ffb-8a67-4543-96a8-b7fb94df6872.pdf
[2025-07-26 15:28:43,190: INFO/ForkPoolWorker-1] Generated preview for pdf-2cd05ffb-8a67-4543-96a8-b7fb94df6872.pdf: /static/pdf/300e8fbb-7a38-465b-9d2e-e42f9b4fe073-preview-216f45b5-602b-4de1-9526-70668ae8d16c.png
[2025-07-26 15:28:43,190: INFO/ForkPoolWorker-1] No images found in pdf-2cd05ffb-8a67-4543-96a8-b7fb94df6872.pdf
[2025-07-26 15:28:43,190: INFO/ForkPoolWorker-1] Successfully extracted metadata for pdf-2cd05ffb-8a67-4543-96a8-b7fb94df6872.pdf
[2025-07-26 15:28:43,190: INFO/ForkPoolWorker-1] PDF processing completed successfully for pdf-2cd05ffb-8a67-4543-96a8-b7fb94df6872.pdf in 7.47 seconds
[2025-07-26 15:28:43,191: INFO/ForkPoolWorker-1] Updating task 2cd05ffb-8a67-4543-96a8-b7fb94df6872 status: PDF processing complete!
[2025-07-26 15:28:43,599: INFO/ForkPoolWorker-3] Webhook sent successfully for task 0f9f7f74-5fbe-4014-b8fe-5dca8c8118d5
[2025-07-26 15:28:43,600: INFO/ForkPoolWorker-3] Task 0f9f7f74-5fbe-4014-b8fe-5dca8c8118d5 completed successfully
[2025-07-26 15:28:43,601: INFO/ForkPoolWorker-3] Task upload_and_process_file[0f9f7f74-5fbe-4014-b8fe-5dca8c8118d5] succeeded in 7.8803956670017214s: {'task_id': '0f9f7f74-5fbe-4014-b8fe-5dca8c8118d5', 'status': 'completed', 'result': {'success': True, 'job_id': '0f9f7f74-5fbe-4014-b8fe-5dca8c8118d5', 'raw_content': 'ElectroDermis introduces a new stretchable, untethered, and customizable wearable
design. Its impermanence, creating devices that are temporary yet reusable, makes it
innovative. Unlike tattoos, ElectroDermis can be easily applied and removed aligns with
users constantly changing needs, offering a practical alternative to more static
wearables.

The modular approach is also a key innovation. It break integrated circuit boards into
smaller and independent components connected by stretchable wiring. This method
allows the devices to be suitable and comfortable for complex and mobile body parts.
For example, applications like the pulse-monitoring earring demonstrate how these
devices can be employed on various body parts. This demonstrates potential for health
monitoring, fitness, and even entertainment using ElectroDermis . However, the...', 'pa...', ...}}
[2025-07-26 15:28:43,689: INFO/ForkPoolWorker-2] Webhook sent successfully for task 315eca7c-887f-43f7-9354-ce257308058c
[2025-07-26 15:28:43,690: INFO/ForkPoolWorker-2] Task 315eca7c-887f-43f7-9354-ce257308058c completed successfully
[2025-07-26 15:28:43,691: INFO/ForkPoolWorker-2] Task upload_and_process_file[315eca7c-887f-43f7-9354-ce257308058c] succeeded in 7.972642042004736s: {'task_id': '315eca7c-887f-43f7-9354-ce257308058c', 'status': 'completed', 'result': {'success': True, 'job_id': '315eca7c-887f-43f7-9354-ce257308058c', 'raw_content': 'SkinMorph presents an innovative approach to on-skin interfaces, focusing on the use
of programmable materials to enable texture changes between soft and rigid. By using
thermal responsive hydrogels in flexible silicone, it create a device that is both
skin-safe and functional. This approach focused on materials exploration highlights
the importance of adaptability in wearable technology. It allows the device to
seamlessly transition between roles, such as armor and therapy splints.

Moreover, the user-centered customization aligns with the trend of personalized and
inclusive design in wearables. Its ability to adapt to individual needs, for medical
applications, athletic support, or personal comfort, shows its practical usage. This
ensures the interface can become an active interface that actively enhances the users
daily life rather than...', ...}}
[2025-07-26 15:28:44,175: INFO/ForkPoolWorker-11] HTTP Request: POST https://api.ai.it.cornell.edu/v1/chat/completions "HTTP/1.1 200 OK"
[2025-07-26 15:28:44,180: INFO/ForkPoolWorker-11] Updating task fbb78cef-a6b0-4872-b582-a48b272926c0 status: Finished: Extracting paper metadata from LLM.
[2025-07-26 15:28:44,182: INFO/ForkPoolWorker-11] Finished: Running I/O-bound tasks and LLM extraction concurrently. Duration: 8.34 seconds
[2025-07-26 15:28:44,183: INFO/ForkPoolWorker-11] PostHog tracking disabled. Event: timer:running_i/o-bound_tasks_and_llm_extraction_concurrently, Properties: {'duration': 8.340260624987422}
[2025-07-26 15:28:44,184: INFO/ForkPoolWorker-11] Uploaded PDF to S3: /static/pdf/bb79da78-cf97-4c0f-b612-76e5a3429e6e-pdf-fbb78cef-a6b0-4872-b582-a48b272926c0.pdf
[2025-07-26 15:28:44,185: INFO/ForkPoolWorker-11] Generated preview for pdf-fbb78cef-a6b0-4872-b582-a48b272926c0.pdf: /static/pdf/111ead54-b50b-4303-b7b4-4e5f2fe1f330-preview-20cc8dde-d355-4686-a965-642cf2f968d1.png
[2025-07-26 15:28:44,186: INFO/ForkPoolWorker-11] No images found in pdf-fbb78cef-a6b0-4872-b582-a48b272926c0.pdf
[2025-07-26 15:28:44,186: INFO/ForkPoolWorker-11] Successfully extracted metadata for pdf-fbb78cef-a6b0-4872-b582-a48b272926c0.pdf
[2025-07-26 15:28:44,187: INFO/ForkPoolWorker-11] PDF processing completed successfully for pdf-fbb78cef-a6b0-4872-b582-a48b272926c0.pdf in 8.46 seconds
[2025-07-26 15:28:44,189: INFO/ForkPoolWorker-11] Updating task fbb78cef-a6b0-4872-b582-a48b272926c0 status: PDF processing complete!
INFO:     127.0.0.1:59347 - "GET /task/c9caf466-0248-4ea9-9783-f7ff921aea03/status HTTP/1.1" 200 OK
[2025-07-26 15:28:44,273: INFO/ForkPoolWorker-8] Webhook sent successfully for task d4176c55-5205-45d8-92ac-c7593ca61967
[2025-07-26 15:28:44,273: INFO/ForkPoolWorker-8] Task d4176c55-5205-45d8-92ac-c7593ca61967 completed successfully
[2025-07-26 15:28:44,275: INFO/ForkPoolWorker-8] Task upload_and_process_file[d4176c55-5205-45d8-92ac-c7593ca61967] succeeded in 8.573427959010587s: {'task_id': 'd4176c55-5205-45d8-92ac-c7593ca61967', 'status': 'completed', 'result': {'success': True, 'job_id': 'd4176c55-5205-45d8-92ac-c7593ca61967', 'raw_content': 'SkinMorph presents an innovative approach to on-skin interfaces, focusing on the use
of programmable materials to enable texture changes between soft and rigid. By using
thermal responsive hydrogels in flexible silicone, it create a device that is both
skin-safe and functional. This approach focused on materials exploration highlights
the importance of adaptability in wearable technology. It allows the device to
seamlessly transition between roles, such as armor and therapy splints.

Moreover, the user-centered customization aligns with the trend of personalized and
inclusive design in wearables. Its ability to adapt to individual needs, for medical
applications, athletic support, or personal comfort, shows its practical usage. This
ensures the interface can become an active interface that actively enhances the users
daily life rather than...', ...}}
[2025-07-26 15:28:44,283: INFO/ForkPoolWorker-10] Webhook sent successfully for task 0c75a3f9-ced9-4208-ae5c-2e8c01d33726
[2025-07-26 15:28:44,283: INFO/ForkPoolWorker-10] Task 0c75a3f9-ced9-4208-ae5c-2e8c01d33726 completed successfully
[2025-07-26 15:28:44,284: INFO/ForkPoolWorker-10] Task upload_and_process_file[0c75a3f9-ced9-4208-ae5c-2e8c01d33726] succeeded in 8.564201916000457s: {'task_id': '0c75a3f9-ced9-4208-ae5c-2e8c01d33726', 'status': 'completed', 'result': {'success': True, 'job_id': '0c75a3f9-ced9-4208-ae5c-2e8c01d33726', 'raw_content': 'SkinMorph presents an innovative approach to on-skin interfaces, focusing on the use
of programmable materials to enable texture changes between soft and rigid. By using
thermal responsive hydrogels in flexible silicone, it create a device that is both
skin-safe and functional. This approach focused on materials exploration highlights
the importance of adaptability in wearable technology. It allows the device to
seamlessly transition between roles, such as armor and therapy splints.

Moreover, the user-centered customization aligns with the trend of personalized and
inclusive design in wearables. Its ability to adapt to individual needs, for medical
applications, athletic support, or personal comfort, shows its practical usage. This
ensures the interface can become an active interface that actively enhances the users
daily life rather than...', ...}}
[2025-07-26 15:28:44,692: INFO/ForkPoolWorker-1] Webhook sent successfully for task 2cd05ffb-8a67-4543-96a8-b7fb94df6872
[2025-07-26 15:28:44,693: INFO/ForkPoolWorker-1] Task 2cd05ffb-8a67-4543-96a8-b7fb94df6872 completed successfully
[2025-07-26 15:28:44,694: INFO/ForkPoolWorker-1] Task upload_and_process_file[2cd05ffb-8a67-4543-96a8-b7fb94df6872] succeeded in 8.9845656670077s: {'task_id': '2cd05ffb-8a67-4543-96a8-b7fb94df6872', 'status': 'completed', 'result': {'success': True, 'job_id': '2cd05ffb-8a67-4543-96a8-b7fb94df6872', 'raw_content': 'SkinMorph presents an innovative approach to on-skin interfaces, focusing on the use
of programmable materials to enable texture changes between soft and rigid. By using
thermal responsive hydrogels in flexible silicone, it create a device that is both
skin-safe and functional. This approach focused on materials exploration highlights
the importance of adaptability in wearable technology. It allows the device to
seamlessly transition between roles, such as armor and therapy splints.

Moreover, the user-centered customization aligns with the trend of personalized and
inclusive design in wearables. Its ability to adapt to individual needs, for medical
applications, athletic support, or personal comfort, shows its practical usage. This
ensures the interface can become an active interface that actively enhances the users
daily life rather than...', ...}}
[2025-07-26 15:28:45,661: INFO/ForkPoolWorker-4] HTTP Request: POST https://api.ai.it.cornell.edu/v1/chat/completions "HTTP/1.1 200 OK"
[2025-07-26 15:28:45,669: INFO/ForkPoolWorker-4] Updating task c9caf466-0248-4ea9-9783-f7ff921aea03 status: Finished: Extracting paper metadata from LLM.
[2025-07-26 15:28:45,672: INFO/ForkPoolWorker-4] Finished: Running I/O-bound tasks and LLM extraction concurrently. Duration: 9.84 seconds
[2025-07-26 15:28:45,672: INFO/ForkPoolWorker-4] PostHog tracking disabled. Event: timer:running_i/o-bound_tasks_and_llm_extraction_concurrently, Properties: {'duration': 9.835152250001556}
[2025-07-26 15:28:45,672: INFO/ForkPoolWorker-4] Uploaded PDF to S3: /static/pdf/65d533c2-af7e-43b7-9afe-349fc9d9100b-pdf-c9caf466-0248-4ea9-9783-f7ff921aea03.pdf
[2025-07-26 15:28:45,673: INFO/ForkPoolWorker-4] Generated preview for pdf-c9caf466-0248-4ea9-9783-f7ff921aea03.pdf: /static/pdf/b424ba0d-d7a6-4198-ae44-774cd9d0b65a-preview-45928a1f-6247-4c2d-99d9-a9296a49e5e8.png
[2025-07-26 15:28:45,673: INFO/ForkPoolWorker-4] No images found in pdf-c9caf466-0248-4ea9-9783-f7ff921aea03.pdf
[2025-07-26 15:28:45,673: INFO/ForkPoolWorker-4] Successfully extracted metadata for pdf-c9caf466-0248-4ea9-9783-f7ff921aea03.pdf
[2025-07-26 15:28:45,673: INFO/ForkPoolWorker-4] PDF processing completed successfully for pdf-c9caf466-0248-4ea9-9783-f7ff921aea03.pdf in 9.93 seconds
[2025-07-26 15:28:45,674: INFO/ForkPoolWorker-4] Updating task c9caf466-0248-4ea9-9783-f7ff921aea03 status: PDF processing complete!
[2025-07-26 15:28:45,811: INFO/ForkPoolWorker-11] Webhook sent successfully for task fbb78cef-a6b0-4872-b582-a48b272926c0
[2025-07-26 15:28:45,812: INFO/ForkPoolWorker-11] Task fbb78cef-a6b0-4872-b582-a48b272926c0 completed successfully
[2025-07-26 15:28:45,815: INFO/ForkPoolWorker-11] Task upload_and_process_file[fbb78cef-a6b0-4872-b582-a48b272926c0] succeeded in 10.092874334004591s: {'task_id': 'fbb78cef-a6b0-4872-b582-a48b272926c0', 'status': 'completed', 'result': {'success': True, 'job_id': 'fbb78cef-a6b0-4872-b582-a48b272926c0', 'raw_content': 'ElectroDermis introduces a new stretchable, untethered, and customizable wearable
design. Its impermanence, creating devices that are temporary yet reusable, makes it
innovative. Unlike tattoos, ElectroDermis can be easily applied and removed aligns with
users constantly changing needs, offering a practical alternative to more static
wearables.

The modular approach is also a key innovation. It break integrated circuit boards into
smaller and independent components connected by stretchable wiring. This method
allows the devices to be suitable and comfortable for complex and mobile body parts.
For example, applications like the pulse-monitoring earring demonstrate how these
devices can be employed on various body parts. This demonstrates potential for health
monitoring, fitness, and even entertainment using ElectroDermis . However, the...', 'pa...', ...}}
INFO:     127.0.0.1:59377 - "GET /task/c9caf466-0248-4ea9-9783-f7ff921aea03/status HTTP/1.1" 200 OK
[2025-07-26 15:28:47,054: INFO/ForkPoolWorker-9] HTTP Request: POST https://api.ai.it.cornell.edu/v1/chat/completions "HTTP/1.1 200 OK"
[2025-07-26 15:28:47,059: INFO/ForkPoolWorker-9] Updating task 641f5312-199d-4538-bf7c-f324c40a704e status: Finished: Extracting paper metadata from LLM.
[2025-07-26 15:28:47,061: INFO/ForkPoolWorker-9] Finished: Running I/O-bound tasks and LLM extraction concurrently. Duration: 11.24 seconds
[2025-07-26 15:28:47,062: INFO/ForkPoolWorker-9] PostHog tracking disabled. Event: timer:running_i/o-bound_tasks_and_llm_extraction_concurrently, Properties: {'duration': 11.241430416994262}
[2025-07-26 15:28:47,062: INFO/ForkPoolWorker-9] Uploaded PDF to S3: /static/pdf/d14adceb-8203-409f-8622-187983023f7a-pdf-641f5312-199d-4538-bf7c-f324c40a704e.pdf
[2025-07-26 15:28:47,062: INFO/ForkPoolWorker-9] Generated preview for pdf-641f5312-199d-4538-bf7c-f324c40a704e.pdf: /static/pdf/1220acef-109c-4dd8-8359-0c0bd4d58dc8-preview-134bbe80-7576-4af9-aad2-bc2f4430f66f.png
[2025-07-26 15:28:47,062: INFO/ForkPoolWorker-9] No images found in pdf-641f5312-199d-4538-bf7c-f324c40a704e.pdf
[2025-07-26 15:28:47,062: INFO/ForkPoolWorker-9] Successfully extracted metadata for pdf-641f5312-199d-4538-bf7c-f324c40a704e.pdf
[2025-07-26 15:28:47,062: INFO/ForkPoolWorker-9] PDF processing completed successfully for pdf-641f5312-199d-4538-bf7c-f324c40a704e.pdf in 11.34 seconds
[2025-07-26 15:28:47,063: INFO/ForkPoolWorker-9] Updating task 641f5312-199d-4538-bf7c-f324c40a704e status: PDF processing complete!
[2025-07-26 15:28:47,170: INFO/ForkPoolWorker-4] Webhook sent successfully for task c9caf466-0248-4ea9-9783-f7ff921aea03
[2025-07-26 15:28:47,170: INFO/ForkPoolWorker-4] Task c9caf466-0248-4ea9-9783-f7ff921aea03 completed successfully
[2025-07-26 15:28:47,172: INFO/ForkPoolWorker-4] Task upload_and_process_file[c9caf466-0248-4ea9-9783-f7ff921aea03] succeeded in 11.447316208010307s: {'task_id': 'c9caf466-0248-4ea9-9783-f7ff921aea03', 'status': 'completed', 'result': {'success': True, 'job_id': 'c9caf466-0248-4ea9-9783-f7ff921aea03', 'raw_content': 'SkinMorph presents an innovative approach to on-skin interfaces, focusing on the use
of programmable materials to enable texture changes between soft and rigid. By using
thermal responsive hydrogels in flexible silicone, it create a device that is both
skin-safe and functional. This approach focused on materials exploration highlights
the importance of adaptability in wearable technology. It allows the device to
seamlessly transition between roles, such as armor and therapy splints.

Moreover, the user-centered customization aligns with the trend of personalized and
inclusive design in wearables. Its ability to adapt to individual needs, for medical
applications, athletic support, or personal comfort, shows its practical usage. This
ensures the interface can become an active interface that actively enhances the users
daily life rather than...', ...}}
[2025-07-26 15:28:47,473: INFO/ForkPoolWorker-9] Webhook sent successfully for task 641f5312-199d-4538-bf7c-f324c40a704e
[2025-07-26 15:28:47,474: INFO/ForkPoolWorker-9] Task 641f5312-199d-4538-bf7c-f324c40a704e completed successfully
[2025-07-26 15:28:47,477: INFO/ForkPoolWorker-9] Task upload_and_process_file[641f5312-199d-4538-bf7c-f324c40a704e] succeeded in 11.761988625003141s: {'task_id': '641f5312-199d-4538-bf7c-f324c40a704e', 'status': 'completed', 'result': {'success': True, 'job_id': '641f5312-199d-4538-bf7c-f324c40a704e', 'raw_content': 'SkinMorph presents an innovative approach to on-skin interfaces, focusing on the use
of programmable materials to enable texture changes between soft and rigid. By using
thermal responsive hydrogels in flexible silicone, it create a device that is both
skin-safe and functional. This approach focused on materials exploration highlights
the importance of adaptability in wearable technology. It allows the device to
seamlessly transition between roles, such as armor and therapy splints.

Moreover, the user-centered customization aligns with the trend of personalized and
inclusive design in wearables. Its ability to adapt to individual needs, for medical
applications, athletic support, or personal comfort, shows its practical usage. This
ensures the interface can become an active interface that actively enhances the users
daily life rather than...', ...}}

SIGHUP not supported: Restarting with SIGHUP is unstable on this platform!
[2025-07-26 15:50:59,551: ERROR/MainProcess] Process 'ForkPoolWorker-11' pid:38992 exited with 'exitcode 70'
[2025-07-26 15:50:59,564: ERROR/MainProcess] Process 'ForkPoolWorker-10' pid:38989 exited with 'exitcode 70'
[2025-07-26 15:50:59,575: ERROR/MainProcess] Process 'ForkPoolWorker-8' pid:38975 exited with 'exitcode 70'
[2025-07-26 15:50:59,586: ERROR/MainProcess] Process 'ForkPoolWorker-7' pid:38974 exited with 'exitcode 70'
[2025-07-26 15:50:59,597: ERROR/MainProcess] Process 'ForkPoolWorker-5' pid:38972 exited with 'exitcode 70'
[2025-07-26 15:50:59,608: ERROR/MainProcess] Process 'ForkPoolWorker-4' pid:38971 exited with 'exitcode 70'
[2025-07-26 15:50:59,619: ERROR/MainProcess] Process 'ForkPoolWorker-3' pid:38970 exited with 'exitcode 70'
[2025-07-26 15:50:59,630: ERROR/MainProcess] Process 'ForkPoolWorker-2' pid:38969 exited with 'exitcode 70'
[2025-07-26 15:50:59,641: ERROR/MainProcess] Process 'ForkPoolWorker-1' pid:38968 exited with 'exitcode 70'
[2025-07-26 15:51:01,097: ERROR/MainProcess] Process 'ForkPoolWorker-9' pid:38976 exited with 'exitcode 70'
[2025-07-26 15:51:01,109: ERROR/MainProcess] Process 'ForkPoolWorker-6' pid:38973 exited with 'exitcode 70'

worker: Warm shutdown (MainProcess)
[2025-07-26 22:35:47,886: WARNING/MainProcess] Exception ignored in atexit callback
[2025-07-26 22:35:47,886: WARNING/MainProcess] : 
[2025-07-26 22:35:47,886: WARNING/MainProcess] <function <lambda> at 0x117641620>
[2025-07-26 22:35:47,886: WARNING/MainProcess] Traceback (most recent call last):
[2025-07-26 22:35:47,886: WARNING/MainProcess]   File "/Users/andywei/Desktop/openpaper/jobs/src/telemetry.py", line 18, in <lambda>
[2025-07-26 22:35:47,886: WARNING/MainProcess]     
[2025-07-26 22:35:47,886: WARNING/MainProcess] atexit.register(lambda: posthog.shutdown())
[2025-07-26 22:35:47,887: WARNING/MainProcess]  
[2025-07-26 22:35:47,887: WARNING/MainProcess]  
[2025-07-26 22:35:47,887: WARNING/MainProcess]  
[2025-07-26 22:35:47,887: WARNING/MainProcess]  
[2025-07-26 22:35:47,887: WARNING/MainProcess]  
[2025-07-26 22:35:47,887: WARNING/MainProcess]  
[2025-07-26 22:35:47,887: WARNING/MainProcess]  
[2025-07-26 22:35:47,887: WARNING/MainProcess]  
[2025-07-26 22:35:47,887: WARNING/MainProcess]  
[2025-07-26 22:35:47,887: WARNING/MainProcess]  
[2025-07-26 22:35:47,887: WARNING/MainProcess]  
[2025-07-26 22:35:47,887: WARNING/MainProcess]  
[2025-07-26 22:35:47,887: WARNING/MainProcess]  
[2025-07-26 22:35:47,887: WARNING/MainProcess]  
[2025-07-26 22:35:47,887: WARNING/MainProcess]  
[2025-07-26 22:35:47,887: WARNING/MainProcess]  
[2025-07-26 22:35:47,887: WARNING/MainProcess]  
[2025-07-26 22:35:47,887: WARNING/MainProcess]  
[2025-07-26 22:35:47,887: WARNING/MainProcess]  
[2025-07-26 22:35:47,887: WARNING/MainProcess]  
[2025-07-26 22:35:47,887: WARNING/MainProcess]  
[2025-07-26 22:35:47,887: WARNING/MainProcess]  
[2025-07-26 22:35:47,887: WARNING/MainProcess]  
[2025-07-26 22:35:47,887: WARNING/MainProcess]  
[2025-07-26 22:35:47,887: WARNING/MainProcess]  
[2025-07-26 22:35:47,887: WARNING/MainProcess]  
[2025-07-26 22:35:47,887: WARNING/MainProcess]  
[2025-07-26 22:35:47,887: WARNING/MainProcess]  
[2025-07-26 22:35:47,887: WARNING/MainProcess] ^
[2025-07-26 22:35:47,887: WARNING/MainProcess] ^
[2025-07-26 22:35:47,887: WARNING/MainProcess] ^
[2025-07-26 22:35:47,887: WARNING/MainProcess] ^
[2025-07-26 22:35:47,887: WARNING/MainProcess] ^
[2025-07-26 22:35:47,887: WARNING/MainProcess] ^
[2025-07-26 22:35:47,887: WARNING/MainProcess] ^
[2025-07-26 22:35:47,887: WARNING/MainProcess] ^
[2025-07-26 22:35:47,887: WARNING/MainProcess] ^
[2025-07-26 22:35:47,887: WARNING/MainProcess] ^
[2025-07-26 22:35:47,887: WARNING/MainProcess] ^
[2025-07-26 22:35:47,887: WARNING/MainProcess] ^
[2025-07-26 22:35:47,887: WARNING/MainProcess] ^
[2025-07-26 22:35:47,887: WARNING/MainProcess] ^
[2025-07-26 22:35:47,887: WARNING/MainProcess] ^
[2025-07-26 22:35:47,887: WARNING/MainProcess] ^
[2025-07-26 22:35:47,887: WARNING/MainProcess] ^
[2025-07-26 22:35:47,887: WARNING/MainProcess] ^
[2025-07-26 22:35:47,887: WARNING/MainProcess]   File "/Users/andywei/Desktop/openpaper/.venv/lib/python3.12/site-packages/posthog/client.py", line 733, in shutdown
[2025-07-26 22:35:47,888: WARNING/MainProcess]     
[2025-07-26 22:35:47,888: WARNING/MainProcess] self.join()
[2025-07-26 22:35:47,888: WARNING/MainProcess]   File "/Users/andywei/Desktop/openpaper/.venv/lib/python3.12/site-packages/posthog/client.py", line 719, in join
[2025-07-26 22:35:47,888: WARNING/MainProcess]     
[2025-07-26 22:35:47,888: WARNING/MainProcess] for consumer in self.consumers:
[2025-07-26 22:35:47,889: WARNING/MainProcess]  
[2025-07-26 22:35:47,889: WARNING/MainProcess]  
[2025-07-26 22:35:47,889: WARNING/MainProcess]  
[2025-07-26 22:35:47,889: WARNING/MainProcess]  
[2025-07-26 22:35:47,889: WARNING/MainProcess]  
[2025-07-26 22:35:47,889: WARNING/MainProcess]  
[2025-07-26 22:35:47,889: WARNING/MainProcess]  
[2025-07-26 22:35:47,889: WARNING/MainProcess]  
[2025-07-26 22:35:47,889: WARNING/MainProcess]  
[2025-07-26 22:35:47,889: WARNING/MainProcess]  
[2025-07-26 22:35:47,889: WARNING/MainProcess]  
[2025-07-26 22:35:47,889: WARNING/MainProcess]  
[2025-07-26 22:35:47,889: WARNING/MainProcess]  
[2025-07-26 22:35:47,889: WARNING/MainProcess]  
[2025-07-26 22:35:47,889: WARNING/MainProcess]  
[2025-07-26 22:35:47,889: WARNING/MainProcess]  
[2025-07-26 22:35:47,889: WARNING/MainProcess]  
[2025-07-26 22:35:47,889: WARNING/MainProcess]  
[2025-07-26 22:35:47,889: WARNING/MainProcess]  
[2025-07-26 22:35:47,889: WARNING/MainProcess]  
[2025-07-26 22:35:47,889: WARNING/MainProcess] ^
[2025-07-26 22:35:47,889: WARNING/MainProcess] ^
[2025-07-26 22:35:47,889: WARNING/MainProcess] ^
[2025-07-26 22:35:47,889: WARNING/MainProcess] ^
[2025-07-26 22:35:47,889: WARNING/MainProcess] ^
[2025-07-26 22:35:47,889: WARNING/MainProcess] ^
[2025-07-26 22:35:47,889: WARNING/MainProcess] ^
[2025-07-26 22:35:47,889: WARNING/MainProcess] ^
[2025-07-26 22:35:47,889: WARNING/MainProcess] ^
[2025-07-26 22:35:47,889: WARNING/MainProcess] ^
[2025-07-26 22:35:47,889: WARNING/MainProcess] ^
[2025-07-26 22:35:47,889: WARNING/MainProcess] ^
[2025-07-26 22:35:47,889: WARNING/MainProcess] ^
[2025-07-26 22:35:47,889: WARNING/MainProcess] ^
[2025-07-26 22:35:47,889: WARNING/MainProcess] TypeError
[2025-07-26 22:35:47,889: WARNING/MainProcess] : 
[2025-07-26 22:35:47,889: WARNING/MainProcess] 'NoneType' object is not iterable
INFO:     127.0.0.1:57966 - "GET /task/16f90781-0bea-49dc-959d-f6e9b44d509f/status HTTP/1.1" 200 OK
INFO:     127.0.0.1:58783 - "GET /task/8a17ad1d-7aa4-494f-98a2-76444c937133/status HTTP/1.1" 200 OK
INFO:     127.0.0.1:58812 - "GET /task/8a17ad1d-7aa4-494f-98a2-76444c937133/status HTTP/1.1" 200 OK
INFO:     127.0.0.1:58822 - "GET /task/8a17ad1d-7aa4-494f-98a2-76444c937133/status HTTP/1.1" 200 OK
INFO:     127.0.0.1:58836 - "GET /task/8a17ad1d-7aa4-494f-98a2-76444c937133/status HTTP/1.1" 200 OK
INFO:     127.0.0.1:58846 - "GET /task/8a17ad1d-7aa4-494f-98a2-76444c937133/status HTTP/1.1" 200 OK
INFO:     127.0.0.1:58856 - "GET /task/8a17ad1d-7aa4-494f-98a2-76444c937133/status HTTP/1.1" 200 OK
INFO:     127.0.0.1:58870 - "GET /task/8a17ad1d-7aa4-494f-98a2-76444c937133/status HTTP/1.1" 200 OK
INFO:     127.0.0.1:58882 - "GET /task/8a17ad1d-7aa4-494f-98a2-76444c937133/status HTTP/1.1" 200 OK
INFO:     127.0.0.1:61321 - "GET /task/8fda537e-3947-4e03-be6f-fc24b2d9adb5/status HTTP/1.1" 200 OK
INFO:     127.0.0.1:61343 - "GET /task/8fda537e-3947-4e03-be6f-fc24b2d9adb5/status HTTP/1.1" 200 OK
INFO:     127.0.0.1:61355 - "GET /task/8fda537e-3947-4e03-be6f-fc24b2d9adb5/status HTTP/1.1" 200 OK
INFO:     127.0.0.1:61367 - "GET /task/8fda537e-3947-4e03-be6f-fc24b2d9adb5/status HTTP/1.1" 200 OK
INFO:     127.0.0.1:61379 - "GET /task/8fda537e-3947-4e03-be6f-fc24b2d9adb5/status HTTP/1.1" 200 OK
INFO:     127.0.0.1:62139 - "GET /task/037116a5-65b2-44ac-ab3d-e77971ea4fd4/status HTTP/1.1" 200 OK
INFO:     127.0.0.1:62150 - "GET /task/037116a5-65b2-44ac-ab3d-e77971ea4fd4/status HTTP/1.1" 200 OK
INFO:     127.0.0.1:62160 - "GET /task/037116a5-65b2-44ac-ab3d-e77971ea4fd4/status HTTP/1.1" 200 OK
INFO:     127.0.0.1:62172 - "GET /task/037116a5-65b2-44ac-ab3d-e77971ea4fd4/status HTTP/1.1" 200 OK
INFO:     127.0.0.1:62182 - "GET /task/037116a5-65b2-44ac-ab3d-e77971ea4fd4/status HTTP/1.1" 200 OK
INFO:     127.0.0.1:62192 - "GET /task/037116a5-65b2-44ac-ab3d-e77971ea4fd4/status HTTP/1.1" 200 OK
INFO:     127.0.0.1:62202 - "GET /task/037116a5-65b2-44ac-ab3d-e77971ea4fd4/status HTTP/1.1" 200 OK
INFO:     127.0.0.1:62218 - "GET /task/037116a5-65b2-44ac-ab3d-e77971ea4fd4/status HTTP/1.1" 200 OK
INFO:     127.0.0.1:62228 - "GET /task/037116a5-65b2-44ac-ab3d-e77971ea4fd4/status HTTP/1.1" 200 OK
INFO:     127.0.0.1:62238 - "GET /task/037116a5-65b2-44ac-ab3d-e77971ea4fd4/status HTTP/1.1" 200 OK
INFO:     127.0.0.1:62248 - "GET /task/037116a5-65b2-44ac-ab3d-e77971ea4fd4/status HTTP/1.1" 200 OK
INFO:     127.0.0.1:62260 - "GET /task/037116a5-65b2-44ac-ab3d-e77971ea4fd4/status HTTP/1.1" 200 OK
INFO:     127.0.0.1:62270 - "GET /task/037116a5-65b2-44ac-ab3d-e77971ea4fd4/status HTTP/1.1" 200 OK
INFO:     127.0.0.1:62282 - "GET /task/037116a5-65b2-44ac-ab3d-e77971ea4fd4/status HTTP/1.1" 200 OK
INFO:     127.0.0.1:62292 - "GET /task/037116a5-65b2-44ac-ab3d-e77971ea4fd4/status HTTP/1.1" 200 OK
INFO:     127.0.0.1:62302 - "GET /task/037116a5-65b2-44ac-ab3d-e77971ea4fd4/status HTTP/1.1" 200 OK
INFO:     127.0.0.1:62312 - "GET /task/037116a5-65b2-44ac-ab3d-e77971ea4fd4/status HTTP/1.1" 200 OK
INFO:     127.0.0.1:62322 - "GET /task/037116a5-65b2-44ac-ab3d-e77971ea4fd4/status HTTP/1.1" 200 OK
INFO:     127.0.0.1:62332 - "GET /task/037116a5-65b2-44ac-ab3d-e77971ea4fd4/status HTTP/1.1" 200 OK
INFO:     127.0.0.1:62344 - "GET /task/037116a5-65b2-44ac-ab3d-e77971ea4fd4/status HTTP/1.1" 200 OK
INFO:     127.0.0.1:62356 - "GET /task/037116a5-65b2-44ac-ab3d-e77971ea4fd4/status HTTP/1.1" 200 OK
INFO:     127.0.0.1:62366 - "GET /task/037116a5-65b2-44ac-ab3d-e77971ea4fd4/status HTTP/1.1" 200 OK
INFO:     127.0.0.1:62376 - "GET /task/037116a5-65b2-44ac-ab3d-e77971ea4fd4/status HTTP/1.1" 200 OK
INFO:     127.0.0.1:62388 - "GET /task/037116a5-65b2-44ac-ab3d-e77971ea4fd4/status HTTP/1.1" 200 OK
INFO:     127.0.0.1:62400 - "GET /task/037116a5-65b2-44ac-ab3d-e77971ea4fd4/status HTTP/1.1" 200 OK
INFO:     127.0.0.1:62414 - "GET /task/037116a5-65b2-44ac-ab3d-e77971ea4fd4/status HTTP/1.1" 200 OK
INFO:     127.0.0.1:62430 - "GET /task/037116a5-65b2-44ac-ab3d-e77971ea4fd4/status HTTP/1.1" 200 OK
INFO:     127.0.0.1:62444 - "GET /task/037116a5-65b2-44ac-ab3d-e77971ea4fd4/status HTTP/1.1" 200 OK
INFO:     127.0.0.1:62460 - "GET /task/037116a5-65b2-44ac-ab3d-e77971ea4fd4/status HTTP/1.1" 200 OK
INFO:     127.0.0.1:62476 - "GET /task/037116a5-65b2-44ac-ab3d-e77971ea4fd4/status HTTP/1.1" 200 OK
INFO:     127.0.0.1:62490 - "GET /task/037116a5-65b2-44ac-ab3d-e77971ea4fd4/status HTTP/1.1" 200 OK
INFO:     127.0.0.1:62504 - "GET /task/037116a5-65b2-44ac-ab3d-e77971ea4fd4/status HTTP/1.1" 200 OK
INFO:     127.0.0.1:62518 - "GET /task/037116a5-65b2-44ac-ab3d-e77971ea4fd4/status HTTP/1.1" 200 OK
INFO:     127.0.0.1:62550 - "GET /task/037116a5-65b2-44ac-ab3d-e77971ea4fd4/status HTTP/1.1" 200 OK
INFO:     127.0.0.1:62596 - "GET /task/037116a5-65b2-44ac-ab3d-e77971ea4fd4/status HTTP/1.1" 200 OK
INFO:     127.0.0.1:62616 - "GET /task/037116a5-65b2-44ac-ab3d-e77971ea4fd4/status HTTP/1.1" 200 OK
INFO:     127.0.0.1:62634 - "GET /task/037116a5-65b2-44ac-ab3d-e77971ea4fd4/status HTTP/1.1" 200 OK
INFO:     127.0.0.1:62650 - "GET /task/037116a5-65b2-44ac-ab3d-e77971ea4fd4/status HTTP/1.1" 200 OK
INFO:     127.0.0.1:62666 - "GET /task/037116a5-65b2-44ac-ab3d-e77971ea4fd4/status HTTP/1.1" 200 OK
INFO:     127.0.0.1:62682 - "GET /task/037116a5-65b2-44ac-ab3d-e77971ea4fd4/status HTTP/1.1" 200 OK
INFO:     127.0.0.1:62698 - "GET /task/037116a5-65b2-44ac-ab3d-e77971ea4fd4/status HTTP/1.1" 200 OK
INFO:     127.0.0.1:62714 - "GET /task/037116a5-65b2-44ac-ab3d-e77971ea4fd4/status HTTP/1.1" 200 OK
INFO:     127.0.0.1:62730 - "GET /task/037116a5-65b2-44ac-ab3d-e77971ea4fd4/status HTTP/1.1" 200 OK
INFO:     127.0.0.1:62750 - "GET /task/037116a5-65b2-44ac-ab3d-e77971ea4fd4/status HTTP/1.1" 200 OK
INFO:     127.0.0.1:62770 - "GET /task/037116a5-65b2-44ac-ab3d-e77971ea4fd4/status HTTP/1.1" 200 OK
INFO:     127.0.0.1:62786 - "GET /task/037116a5-65b2-44ac-ab3d-e77971ea4fd4/status HTTP/1.1" 200 OK
INFO:     127.0.0.1:62806 - "GET /task/037116a5-65b2-44ac-ab3d-e77971ea4fd4/status HTTP/1.1" 200 OK
INFO:     127.0.0.1:62839 - "GET /task/037116a5-65b2-44ac-ab3d-e77971ea4fd4/status HTTP/1.1" 200 OK
INFO:     127.0.0.1:62862 - "GET /task/037116a5-65b2-44ac-ab3d-e77971ea4fd4/status HTTP/1.1" 200 OK
INFO:     127.0.0.1:62874 - "GET /task/037116a5-65b2-44ac-ab3d-e77971ea4fd4/status HTTP/1.1" 200 OK
INFO:     127.0.0.1:62887 - "GET /task/037116a5-65b2-44ac-ab3d-e77971ea4fd4/status HTTP/1.1" 200 OK
INFO:     127.0.0.1:62904 - "GET /task/037116a5-65b2-44ac-ab3d-e77971ea4fd4/status HTTP/1.1" 200 OK
INFO:     127.0.0.1:62918 - "GET /task/037116a5-65b2-44ac-ab3d-e77971ea4fd4/status HTTP/1.1" 200 OK
INFO:     127.0.0.1:63062 - "GET /task/c425cc8b-5c78-4e27-a27a-14a038dc8406/status HTTP/1.1" 200 OK
INFO:     127.0.0.1:63072 - "GET /task/c425cc8b-5c78-4e27-a27a-14a038dc8406/status HTTP/1.1" 200 OK
INFO:     127.0.0.1:63088 - "GET /task/c425cc8b-5c78-4e27-a27a-14a038dc8406/status HTTP/1.1" 200 OK
INFO:     127.0.0.1:63100 - "GET /task/c425cc8b-5c78-4e27-a27a-14a038dc8406/status HTTP/1.1" 200 OK
INFO:     127.0.0.1:63110 - "GET /task/c425cc8b-5c78-4e27-a27a-14a038dc8406/status HTTP/1.1" 200 OK
INFO:     127.0.0.1:63122 - "GET /task/c425cc8b-5c78-4e27-a27a-14a038dc8406/status HTTP/1.1" 200 OK
INFO:     127.0.0.1:63132 - "GET /task/c425cc8b-5c78-4e27-a27a-14a038dc8406/status HTTP/1.1" 200 OK
INFO:     127.0.0.1:63144 - "GET /task/c425cc8b-5c78-4e27-a27a-14a038dc8406/status HTTP/1.1" 200 OK
INFO:     127.0.0.1:63154 - "GET /task/c425cc8b-5c78-4e27-a27a-14a038dc8406/status HTTP/1.1" 200 OK
INFO:     127.0.0.1:63166 - "GET /task/c425cc8b-5c78-4e27-a27a-14a038dc8406/status HTTP/1.1" 200 OK
INFO:     127.0.0.1:63176 - "GET /task/c425cc8b-5c78-4e27-a27a-14a038dc8406/status HTTP/1.1" 200 OK
INFO:     127.0.0.1:63188 - "GET /task/c425cc8b-5c78-4e27-a27a-14a038dc8406/status HTTP/1.1" 200 OK
INFO:     127.0.0.1:63198 - "GET /task/c425cc8b-5c78-4e27-a27a-14a038dc8406/status HTTP/1.1" 200 OK
INFO:     127.0.0.1:63216 - "GET /task/c425cc8b-5c78-4e27-a27a-14a038dc8406/status HTTP/1.1" 200 OK
INFO:     127.0.0.1:63226 - "GET /task/c425cc8b-5c78-4e27-a27a-14a038dc8406/status HTTP/1.1" 200 OK
INFO:     127.0.0.1:63236 - "GET /task/c425cc8b-5c78-4e27-a27a-14a038dc8406/status HTTP/1.1" 200 OK
INFO:     127.0.0.1:63246 - "GET /task/c425cc8b-5c78-4e27-a27a-14a038dc8406/status HTTP/1.1" 200 OK
INFO:     127.0.0.1:63256 - "GET /task/c425cc8b-5c78-4e27-a27a-14a038dc8406/status HTTP/1.1" 200 OK
INFO:     127.0.0.1:63266 - "GET /task/c425cc8b-5c78-4e27-a27a-14a038dc8406/status HTTP/1.1" 200 OK
INFO:     127.0.0.1:63280 - "GET /task/c425cc8b-5c78-4e27-a27a-14a038dc8406/status HTTP/1.1" 200 OK
INFO:     127.0.0.1:63294 - "GET /task/c425cc8b-5c78-4e27-a27a-14a038dc8406/status HTTP/1.1" 200 OK
INFO:     127.0.0.1:63308 - "GET /task/c425cc8b-5c78-4e27-a27a-14a038dc8406/status HTTP/1.1" 200 OK
INFO:     127.0.0.1:63322 - "GET /task/c425cc8b-5c78-4e27-a27a-14a038dc8406/status HTTP/1.1" 200 OK
INFO:     127.0.0.1:63338 - "GET /task/c425cc8b-5c78-4e27-a27a-14a038dc8406/status HTTP/1.1" 200 OK
INFO:     127.0.0.1:63356 - "GET /task/c425cc8b-5c78-4e27-a27a-14a038dc8406/status HTTP/1.1" 200 OK
INFO:     127.0.0.1:63370 - "GET /task/c425cc8b-5c78-4e27-a27a-14a038dc8406/status HTTP/1.1" 200 OK
INFO:     127.0.0.1:63384 - "GET /task/c425cc8b-5c78-4e27-a27a-14a038dc8406/status HTTP/1.1" 200 OK
INFO:     127.0.0.1:63398 - "GET /task/c425cc8b-5c78-4e27-a27a-14a038dc8406/status HTTP/1.1" 200 OK
INFO:     127.0.0.1:63412 - "GET /task/c425cc8b-5c78-4e27-a27a-14a038dc8406/status HTTP/1.1" 200 OK
INFO:     127.0.0.1:63428 - "GET /task/c425cc8b-5c78-4e27-a27a-14a038dc8406/status HTTP/1.1" 200 OK
INFO:     127.0.0.1:63446 - "GET /task/c425cc8b-5c78-4e27-a27a-14a038dc8406/status HTTP/1.1" 200 OK
INFO:     127.0.0.1:63460 - "GET /task/c425cc8b-5c78-4e27-a27a-14a038dc8406/status HTTP/1.1" 200 OK
INFO:     127.0.0.1:63476 - "GET /task/c425cc8b-5c78-4e27-a27a-14a038dc8406/status HTTP/1.1" 200 OK
INFO:     127.0.0.1:63488 - "GET /task/c425cc8b-5c78-4e27-a27a-14a038dc8406/status HTTP/1.1" 200 OK
INFO:     127.0.0.1:63506 - "GET /task/c425cc8b-5c78-4e27-a27a-14a038dc8406/status HTTP/1.1" 200 OK
INFO:     127.0.0.1:63530 - "GET /task/c425cc8b-5c78-4e27-a27a-14a038dc8406/status HTTP/1.1" 200 OK
INFO:     127.0.0.1:63546 - "GET /task/c425cc8b-5c78-4e27-a27a-14a038dc8406/status HTTP/1.1" 200 OK
INFO:     127.0.0.1:63566 - "GET /task/c425cc8b-5c78-4e27-a27a-14a038dc8406/status HTTP/1.1" 200 OK
INFO:     127.0.0.1:63582 - "GET /task/c425cc8b-5c78-4e27-a27a-14a038dc8406/status HTTP/1.1" 200 OK
INFO:     127.0.0.1:63643 - "GET /task/c425cc8b-5c78-4e27-a27a-14a038dc8406/status HTTP/1.1" 200 OK
INFO:     127.0.0.1:63678 - "GET /task/c425cc8b-5c78-4e27-a27a-14a038dc8406/status HTTP/1.1" 200 OK
INFO:     127.0.0.1:63732 - "GET /task/c425cc8b-5c78-4e27-a27a-14a038dc8406/status HTTP/1.1" 200 OK
INFO:     127.0.0.1:63762 - "GET /task/c425cc8b-5c78-4e27-a27a-14a038dc8406/status HTTP/1.1" 200 OK
INFO:     127.0.0.1:63789 - "GET /task/c425cc8b-5c78-4e27-a27a-14a038dc8406/status HTTP/1.1" 200 OK
INFO:     127.0.0.1:63881 - "GET /task/c425cc8b-5c78-4e27-a27a-14a038dc8406/status HTTP/1.1" 200 OK
INFO:     127.0.0.1:63922 - "GET /task/c425cc8b-5c78-4e27-a27a-14a038dc8406/status HTTP/1.1" 200 OK
INFO:     127.0.0.1:64002 - "GET /task/c425cc8b-5c78-4e27-a27a-14a038dc8406/status HTTP/1.1" 200 OK
INFO:     127.0.0.1:64047 - "GET /task/c425cc8b-5c78-4e27-a27a-14a038dc8406/status HTTP/1.1" 200 OK
INFO:     127.0.0.1:64076 - "GET /task/c425cc8b-5c78-4e27-a27a-14a038dc8406/status HTTP/1.1" 200 OK
